
> bloodexchange-backend@1.0.0 dev
> nodemon src/server.js

[33m[nodemon] 3.1.14[39m
[33m[nodemon] to restart at any time, enter `rs`[39m
[33m[nodemon] watching path(s): src\**\*[39m
[33m[nodemon] watching extensions: js,json[39m
[32m[nodemon] starting `node src/server.js`[39m
[DEV] Using in-memory mock Redis
[DEV] Using mock mail transporter — emails will be logged to console
[DEV] Using in-memory mutex for distributed locks
[DEV] Using mock Razorpay client
[socket] Socket.io initialized
[server] Bloodexchange API running on port 5000
[server] Environment: development
[cron] Nightly balance sheet cron registered
[cron] 30-day patient re-engagement cron registered
JsonWebTokenError: jwt malformed
    at module.exports [as verify] (C:\Users\Prajjval Jaiswal\Desktop\manish\backend\node_modules\jsonwebtoken\verify.js:70:17)
    at verifyAccessToken (C:\Users\Prajjval Jaiswal\Desktop\manish\backend\src\utils\tokenUtils.js:31:14)
    at authenticate (C:\Users\Prajjval Jaiswal\Desktop\manish\backend\src\middleware\auth.js:16:21)
    at process.processTicksAndRejections (node:internal/process/task_queues:105:5)
[0mGET /api/v1/auth/me [33m401[0m 7.965 ms - 87[0m
prisma:query SELECT `bloodexchange_db`.`users`.`id`, `bloodexchange_db`.`users`.`email`, `bloodexchange_db`.`users`.`passwordHash`, `bloodexchange_db`.`users`.`role`, `bloodexchange_db`.`users`.`isEmailVerified`, `bloodexchange_db`.`users`.`isActive`, `bloodexchange_db`.`users`.`emailVerifyToken`, `bloodexchange_db`.`users`.`passwordResetToken`, `bloodexchange_db`.`users`.`passwordResetExpiry`, `bloodexchange_db`.`users`.`createdAt`, `bloodexchange_db`.`users`.`updatedAt` FROM `bloodexchange_db`.`users` WHERE (`bloodexchange_db`.`users`.`email` = ? AND 1=1) LIMIT ? OFFSET ?
prisma:query SELECT `bloodexchange_db`.`blood_bank_admins`.`id`, `bloodexchange_db`.`blood_bank_admins`.`userId`, `bloodexchange_db`.`blood_bank_admins`.`bloodBankId`, `bloodexchange_db`.`blood_bank_admins`.`name`, `bloodexchange_db`.`blood_bank_admins`.`designation`, `bloodexchange_db`.`blood_bank_admins`.`mobile`, `bloodexchange_db`.`blood_bank_admins`.`authStatus`, `bloodexchange_db`.`blood_bank_admins`.`isPrimary`, `bloodexchange_db`.`blood_bank_admins`.`createdAt`, `bloodexchange_db`.`blood_bank_admins`.`updatedAt` FROM `bloodexchange_db`.`blood_bank_admins` WHERE `bloodexchange_db`.`blood_bank_admins`.`userId` IN (?)
gen token:  eyJhbGciOiJIUzI1NiIsInR5cCI6IkpXVCJ9.eyJpZCI6IjU1YjdjYmRlLTMwOTctNDM0Yy04MGI4LWUzMGRkNjM1NTIwYSIsImp0aSI6IjJjNTk0NzMzLWZhNzEtNGFjNS04NzMxLTJjZmMwNGU0OGQ1NCIsImlhdCI6MTc4MDA3NTU3NywiZXhwIjoxNzgwNjgwMzc3fQ.O1o3I1M6ssUoHdcuCCWjKflmVRmh9sTXOaO4A3ELkNw
prisma:query BEGIN
prisma:query INSERT INTO `bloodexchange_db`.`refresh_tokens` (`id`,`userId`,`token`,`expiresAt`,`createdAt`) VALUES (?,?,?,?,?)
prisma:query SELECT `bloodexchange_db`.`refresh_tokens`.`id`, `bloodexchange_db`.`refresh_tokens`.`userId`, `bloodexchange_db`.`refresh_tokens`.`token`, `bloodexchange_db`.`refresh_tokens`.`expiresAt`, `bloodexchange_db`.`refresh_tokens`.`createdAt` FROM `bloodexchange_db`.`refresh_tokens` WHERE `bloodexchange_db`.`refresh_tokens`.`id` = ? LIMIT ? OFFSET ?
prisma:query COMMIT
[0mPOST /api/v1/auth/login [32m200[0m 231.451 ms - 477[0m
prisma:query SELECT `bloodexchange_db`.`users`.`id`, `bloodexchange_db`.`users`.`email`, `bloodexchange_db`.`users`.`passwordHash`, `bloodexchange_db`.`users`.`role`, `bloodexchange_db`.`users`.`isEmailVerified`, `bloodexchange_db`.`users`.`isActive`, `bloodexchange_db`.`users`.`emailVerifyToken`, `bloodexchange_db`.`users`.`passwordResetToken`, `bloodexchange_db`.`users`.`passwordResetExpiry`, `bloodexchange_db`.`users`.`createdAt`, `bloodexchange_db`.`users`.`updatedAt` FROM `bloodexchange_db`.`users` WHERE (`bloodexchange_db`.`users`.`email` = ? AND 1=1) LIMIT ? OFFSET ?
prisma:query SELECT `bloodexchange_db`.`blood_bank_admins`.`id`, `bloodexchange_db`.`blood_bank_admins`.`userId`, `bloodexchange_db`.`blood_bank_admins`.`bloodBankId`, `bloodexchange_db`.`blood_bank_admins`.`name`, `bloodexchange_db`.`blood_bank_admins`.`designation`, `bloodexchange_db`.`blood_bank_admins`.`mobile`, `bloodexchange_db`.`blood_bank_admins`.`authStatus`, `bloodexchange_db`.`blood_bank_admins`.`isPrimary`, `bloodexchange_db`.`blood_bank_admins`.`createdAt`, `bloodexchange_db`.`blood_bank_admins`.`updatedAt` FROM `bloodexchange_db`.`blood_bank_admins` WHERE `bloodexchange_db`.`blood_bank_admins`.`userId` IN (?)
gen token:  eyJhbGciOiJIUzI1NiIsInR5cCI6IkpXVCJ9.eyJpZCI6ImQzMGY4Yzg0LTI1YjAtNGRjYy1hMWZhLWVmNDkyZmVhODQ0YyIsImp0aSI6ImJmYTkzMDIxLWEyYTAtNGY1MC1iZjUzLWY0MTAwM2NiNjgxYiIsImlhdCI6MTc4MDA3NTU3NywiZXhwIjoxNzgwNjgwMzc3fQ.IKm2c2kiQGIEq3OrI4IpcAAuqPyGNxJZOainLQH6gQg
prisma:query BEGIN
prisma:query INSERT INTO `bloodexchange_db`.`refresh_tokens` (`id`,`userId`,`token`,`expiresAt`,`createdAt`) VALUES (?,?,?,?,?)
prisma:query SELECT `bloodexchange_db`.`refresh_tokens`.`id`, `bloodexchange_db`.`refresh_tokens`.`userId`, `bloodexchange_db`.`refresh_tokens`.`token`, `bloodexchange_db`.`refresh_tokens`.`expiresAt`, `bloodexchange_db`.`refresh_tokens`.`createdAt` FROM `bloodexchange_db`.`refresh_tokens` WHERE `bloodexchange_db`.`refresh_tokens`.`id` = ? LIMIT ? OFFSET ?
prisma:query COMMIT
[0mPOST /api/v1/auth/login [32m200[0m 9.226 ms - 575[0m
prisma:query SELECT `bloodexchange_db`.`users`.`id`, `bloodexchange_db`.`users`.`email`, `bloodexchange_db`.`users`.`passwordHash`, `bloodexchange_db`.`users`.`role`, `bloodexchange_db`.`users`.`isEmailVerified`, `bloodexchange_db`.`users`.`isActive`, `bloodexchange_db`.`users`.`emailVerifyToken`, `bloodexchange_db`.`users`.`passwordResetToken`, `bloodexchange_db`.`users`.`passwordResetExpiry`, `bloodexchange_db`.`users`.`createdAt`, `bloodexchange_db`.`users`.`updatedAt` FROM `bloodexchange_db`.`users` WHERE (`bloodexchange_db`.`users`.`email` = ? AND 1=1) LIMIT ? OFFSET ?
prisma:query SELECT `bloodexchange_db`.`blood_bank_admins`.`id`, `bloodexchange_db`.`blood_bank_admins`.`userId`, `bloodexchange_db`.`blood_bank_admins`.`bloodBankId`, `bloodexchange_db`.`blood_bank_admins`.`name`, `bloodexchange_db`.`blood_bank_admins`.`designation`, `bloodexchange_db`.`blood_bank_admins`.`mobile`, `bloodexchange_db`.`blood_bank_admins`.`authStatus`, `bloodexchange_db`.`blood_bank_admins`.`isPrimary`, `bloodexchange_db`.`blood_bank_admins`.`createdAt`, `bloodexchange_db`.`blood_bank_admins`.`updatedAt` FROM `bloodexchange_db`.`blood_bank_admins` WHERE `bloodexchange_db`.`blood_bank_admins`.`userId` IN (?)
gen token:  eyJhbGciOiJIUzI1NiIsInR5cCI6IkpXVCJ9.eyJpZCI6IjA0YTRlMDgxLWJmYTktNGU1MC1iOGNjLTRlZDZlYjNiMGE3NyIsImp0aSI6IjZlM2Y5NDE0LTc5ODQtNDhhMy1hNDk4LWZjMzRiZDc2ZTc1MCIsImlhdCI6MTc4MDA3NTU3NywiZXhwIjoxNzgwNjgwMzc3fQ.ytl8vhOWhR02fXJ-KZq9GN1T351wcnduribQbajDqaA
prisma:query BEGIN
prisma:query INSERT INTO `bloodexchange_db`.`refresh_tokens` (`id`,`userId`,`token`,`expiresAt`,`createdAt`) VALUES (?,?,?,?,?)
prisma:query SELECT `bloodexchange_db`.`refresh_tokens`.`id`, `bloodexchange_db`.`refresh_tokens`.`userId`, `bloodexchange_db`.`refresh_tokens`.`token`, `bloodexchange_db`.`refresh_tokens`.`expiresAt`, `bloodexchange_db`.`refresh_tokens`.`createdAt` FROM `bloodexchange_db`.`refresh_tokens` WHERE `bloodexchange_db`.`refresh_tokens`.`id` = ? LIMIT ? OFFSET ?
prisma:query COMMIT
[0mPOST /api/v1/auth/login [32m200[0m 8.058 ms - 456[0m
prisma:query SELECT `bloodexchange_db`.`users`.`id`, `bloodexchange_db`.`users`.`email`, `bloodexchange_db`.`users`.`passwordHash`, `bloodexchange_db`.`users`.`role`, `bloodexchange_db`.`users`.`isEmailVerified`, `bloodexchange_db`.`users`.`isActive`, `bloodexchange_db`.`users`.`emailVerifyToken`, `bloodexchange_db`.`users`.`passwordResetToken`, `bloodexchange_db`.`users`.`passwordResetExpiry`, `bloodexchange_db`.`users`.`createdAt`, `bloodexchange_db`.`users`.`updatedAt` FROM `bloodexchange_db`.`users` WHERE (`bloodexchange_db`.`users`.`email` = ? AND 1=1) LIMIT ? OFFSET ?
prisma:query SELECT `bloodexchange_db`.`blood_bank_admins`.`id`, `bloodexchange_db`.`blood_bank_admins`.`userId`, `bloodexchange_db`.`blood_bank_admins`.`bloodBankId`, `bloodexchange_db`.`blood_bank_admins`.`name`, `bloodexchange_db`.`blood_bank_admins`.`designation`, `bloodexchange_db`.`blood_bank_admins`.`mobile`, `bloodexchange_db`.`blood_bank_admins`.`authStatus`, `bloodexchange_db`.`blood_bank_admins`.`isPrimary`, `bloodexchange_db`.`blood_bank_admins`.`createdAt`, `bloodexchange_db`.`blood_bank_admins`.`updatedAt` FROM `bloodexchange_db`.`blood_bank_admins` WHERE `bloodexchange_db`.`blood_bank_admins`.`userId` IN (?)
gen token:  eyJhbGciOiJIUzI1NiIsInR5cCI6IkpXVCJ9.eyJpZCI6IjYzMWMzMDRhLTliNjUtNDg4Yy1hMTE0LTZhNjk4YzI4NWE1MiIsImp0aSI6IjI0M2M5MzY1LTkyYmYtNGUwYy1hODVkLTllNGU2NTIyYjQ1OSIsImlhdCI6MTc4MDA3NTU3NywiZXhwIjoxNzgwNjgwMzc3fQ.6qXbQA3KxVkYxfgXz_YclI0bX7DfeN0Vp6NiWuoxaeU
prisma:query BEGIN
prisma:query INSERT INTO `bloodexchange_db`.`refresh_tokens` (`id`,`userId`,`token`,`expiresAt`,`createdAt`) VALUES (?,?,?,?,?)
prisma:query SELECT `bloodexchange_db`.`refresh_tokens`.`id`, `bloodexchange_db`.`refresh_tokens`.`userId`, `bloodexchange_db`.`refresh_tokens`.`token`, `bloodexchange_db`.`refresh_tokens`.`expiresAt`, `bloodexchange_db`.`refresh_tokens`.`createdAt` FROM `bloodexchange_db`.`refresh_tokens` WHERE `bloodexchange_db`.`refresh_tokens`.`id` = ? LIMIT ? OFFSET ?
prisma:query COMMIT
[0mPOST /api/v1/auth/login [32m200[0m 7.047 ms - 463[0m
prisma:query SELECT `bloodexchange_db`.`blood_banks`.`id`, `bloodexchange_db`.`blood_banks`.`name`, `bloodexchange_db`.`blood_banks`.`registrationNo`, `bloodexchange_db`.`blood_banks`.`city`, `bloodexchange_db`.`blood_banks`.`state`, `bloodexchange_db`.`blood_banks`.`contactMobile`, `bloodexchange_db`.`blood_banks`.`email`, `bloodexchange_db`.`blood_banks`.`isActive`, `bloodexchange_db`.`blood_banks`.`approvedAt`, `bloodexchange_db`.`blood_banks`.`createdAt`, COALESCE(`aggr_selection_0_BloodBankAdmin`.`_aggr_count_admins`, 0) AS `_aggr_count_admins`, COALESCE(`aggr_selection_1_DonorCard`.`_aggr_count_donorCards`, 0) AS `_aggr_count_donorCards` FROM `bloodexchange_db`.`blood_banks` LEFT JOIN (SELECT `bloodexchange_db`.`blood_bank_admins`.`bloodBankId`, COUNT(*) AS `_aggr_count_admins` FROM `bloodexchange_db`.`blood_bank_admins` WHERE 1=1 GROUP BY `bloodexchange_db`.`blood_bank_admins`.`bloodBankId`) AS `aggr_selection_0_BloodBankAdmin` ON (`bloodexchange_db`.`blood_banks`.`id` = `aggr_selection_0_BloodBankAdmin`.`bloodBankId`) LEFT JOIN (SELECT `bloodexchange_db`.`donor_cards`.`bloodBankId`, COUNT(*) AS `_aggr_count_donorCards` FROM `bloodexchange_db`.`donor_cards` WHERE 1=1 GROUP BY `bloodexchange_db`.`donor_cards`.`bloodBankId`) AS `aggr_selection_1_DonorCard` ON (`bloodexchange_db`.`blood_banks`.`id` = `aggr_selection_1_DonorCard`.`bloodBankId`) WHERE 1=1 ORDER BY `bloodexchange_db`.`blood_banks`.`createdAt` DESC LIMIT ? OFFSET ?
prisma:query SELECT COUNT(*) FROM (SELECT `bloodexchange_db`.`blood_banks`.`id` FROM `bloodexchange_db`.`blood_banks` WHERE 1=1) AS `sub`
[0mGET /api/v1/blood-banks?limit=5 [32m200[0m 12.374 ms - 772[0m
prisma:query SELECT COUNT(*) FROM (SELECT `bloodexchange_db`.`blood_banks`.`id` FROM `bloodexchange_db`.`blood_banks` WHERE `bloodexchange_db`.`blood_banks`.`isActive` = ?) AS `sub`
prisma:query SELECT `bloodexchange_db`.`blood_banks`.`id`, `bloodexchange_db`.`blood_banks`.`name`, `bloodexchange_db`.`blood_banks`.`registrationNo`, `bloodexchange_db`.`blood_banks`.`city`, `bloodexchange_db`.`blood_banks`.`state`, `bloodexchange_db`.`blood_banks`.`contactMobile`, `bloodexchange_db`.`blood_banks`.`email`, `bloodexchange_db`.`blood_banks`.`isActive`, `bloodexchange_db`.`blood_banks`.`approvedAt`, `bloodexchange_db`.`blood_banks`.`createdAt`, COALESCE(`aggr_selection_0_BloodBankAdmin`.`_aggr_count_admins`, 0) AS `_aggr_count_admins`, COALESCE(`aggr_selection_1_DonorCard`.`_aggr_count_donorCards`, 0) AS `_aggr_count_donorCards` FROM `bloodexchange_db`.`blood_banks` LEFT JOIN (SELECT `bloodexchange_db`.`blood_bank_admins`.`bloodBankId`, COUNT(*) AS `_aggr_count_admins` FROM `bloodexchange_db`.`blood_bank_admins` WHERE 1=1 GROUP BY `bloodexchange_db`.`blood_bank_admins`.`bloodBankId`) AS `aggr_selection_0_BloodBankAdmin` ON (`bloodexchange_db`.`blood_banks`.`id` = `aggr_selection_0_BloodBankAdmin`.`bloodBankId`) LEFT JOIN (SELECT `bloodexchange_db`.`donor_cards`.`bloodBankId`, COUNT(*) AS `_aggr_count_donorCards` FROM `bloodexchange_db`.`donor_cards` WHERE 1=1 GROUP BY `bloodexchange_db`.`donor_cards`.`bloodBankId`) AS `aggr_selection_1_DonorCard` ON (`bloodexchange_db`.`blood_banks`.`id` = `aggr_selection_1_DonorCard`.`bloodBankId`) WHERE `bloodexchange_db`.`blood_banks`.`isActive` = ? ORDER BY `bloodexchange_db`.`blood_banks`.`createdAt` DESC LIMIT ? OFFSET ?
[0mGET /api/v1/blood-banks?isActive=true&limit=5 [32m200[0m 2.996 ms - 772[0m
prisma:query SELECT COUNT(*) FROM (SELECT `bloodexchange_db`.`patients`.`id` FROM `bloodexchange_db`.`patients` WHERE 1=1) AS `sub`
prisma:query SELECT `bloodexchange_db`.`patients`.`id`, `bloodexchange_db`.`patients`.`patientDisplayId`, `bloodexchange_db`.`patients`.`name`, `bloodexchange_db`.`patients`.`bloodGroup`, `bloodexchange_db`.`patients`.`unitsRequired`, `bloodexchange_db`.`patients`.`status`, `bloodexchange_db`.`patients`.`hospitalName`, `bloodexchange_db`.`patients`.`hospitalType`, `bloodexchange_db`.`patients`.`address`, `bloodexchange_db`.`patients`.`district`, `bloodexchange_db`.`patients`.`state`, `bloodexchange_db`.`patients`.`mobile`, `bloodexchange_db`.`patients`.`registeredBloodBankId`, `bloodexchange_db`.`patients`.`createdAt` FROM `bloodexchange_db`.`patients` WHERE 1=1 ORDER BY `bloodexchange_db`.`patients`.`createdAt` DESC LIMIT ? OFFSET ?
prisma:query SELECT `bloodexchange_db`.`blood_banks`.`id`, `bloodexchange_db`.`blood_banks`.`name`, `bloodexchange_db`.`blood_banks`.`city` FROM `bloodexchange_db`.`blood_banks` WHERE `bloodexchange_db`.`blood_banks`.`id` IN (?)
[0mGET /api/v1/patients?limit=5 [32m200[0m 4.443 ms - 1817[0m
prisma:query SELECT `bloodexchange_db`.`patients`.`id`, `bloodexchange_db`.`patients`.`userId`, `bloodexchange_db`.`patients`.`patientDisplayId`, `bloodexchange_db`.`patients`.`name`, `bloodexchange_db`.`patients`.`age`, `bloodexchange_db`.`patients`.`sex`, `bloodexchange_db`.`patients`.`bloodGroup`, `bloodexchange_db`.`patients`.`unitsRequired`, `bloodexchange_db`.`patients`.`address`, `bloodexchange_db`.`patients`.`district`, `bloodexchange_db`.`patients`.`state`, `bloodexchange_db`.`patients`.`nationality`, `bloodexchange_db`.`patients`.`hospitalName`, `bloodexchange_db`.`patients`.`hospitalType`, `bloodexchange_db`.`patients`.`doctorName`, `bloodexchange_db`.`patients`.`disease`, `bloodexchange_db`.`patients`.`contactPerson1`, `bloodexchange_db`.`patients`.`contactPerson2`, `bloodexchange_db`.`patients`.`contactPerson3`, `bloodexchange_db`.`patients`.`mobile`, `bloodexchange_db`.`patients`.`email`, `bloodexchange_db`.`patients`.`modeOfPayment`, `bloodexchange_db`.`patients`.`bankAccountName`, `bloodexchange_db`.`patients`.`bankAccountNo`, `bloodexchange_db`.`patients`.`bankAccountIFSC`, `bloodexchange_db`.`patients`.`bankAccountUPI`, `bloodexchange_db`.`patients`.`registrationFeePaid`, `bloodexchange_db`.`patients`.`registeredBloodBankId`, `bloodexchange_db`.`patients`.`status`, `bloodexchange_db`.`patients`.`createdAt`, `bloodexchange_db`.`patients`.`updatedAt` FROM `bloodexchange_db`.`patients` WHERE (`bloodexchange_db`.`patients`.`id` = ? AND 1=1) LIMIT ? OFFSET ?
prisma:query BEGIN
prisma:query SELECT `bloodexchange_db`.`patients`.`id` FROM `bloodexchange_db`.`patients` WHERE (`bloodexchange_db`.`patients`.`id` = ? AND 1=1)
prisma:query UPDATE `bloodexchange_db`.`patients` SET `doctorName` = ?, `disease` = ?, `updatedAt` = ? WHERE (`bloodexchange_db`.`patients`.`id` IN (?) AND (`bloodexchange_db`.`patients`.`id` = ? AND 1=1))
prisma:query SELECT `bloodexchange_db`.`patients`.`id`, `bloodexchange_db`.`patients`.`userId`, `bloodexchange_db`.`patients`.`patientDisplayId`, `bloodexchange_db`.`patients`.`name`, `bloodexchange_db`.`patients`.`age`, `bloodexchange_db`.`patients`.`sex`, `bloodexchange_db`.`patients`.`bloodGroup`, `bloodexchange_db`.`patients`.`unitsRequired`, `bloodexchange_db`.`patients`.`address`, `bloodexchange_db`.`patients`.`district`, `bloodexchange_db`.`patients`.`state`, `bloodexchange_db`.`patients`.`nationality`, `bloodexchange_db`.`patients`.`hospitalName`, `bloodexchange_db`.`patients`.`hospitalType`, `bloodexchange_db`.`patients`.`doctorName`, `bloodexchange_db`.`patients`.`disease`, `bloodexchange_db`.`patients`.`contactPerson1`, `bloodexchange_db`.`patients`.`contactPerson2`, `bloodexchange_db`.`patients`.`contactPerson3`, `bloodexchange_db`.`patients`.`mobile`, `bloodexchange_db`.`patients`.`email`, `bloodexchange_db`.`patients`.`modeOfPayment`, `bloodexchange_db`.`patients`.`bankAccountName`, `bloodexchange_db`.`patients`.`bankAccountNo`, `bloodexchange_db`.`patients`.`bankAccountIFSC`, `bloodexchange_db`.`patients`.`bankAccountUPI`, `bloodexchange_db`.`patients`.`registrationFeePaid`, `bloodexchange_db`.`patients`.`registeredBloodBankId`, `bloodexchange_db`.`patients`.`status`, `bloodexchange_db`.`patients`.`createdAt`, `bloodexchange_db`.`patients`.`updatedAt` FROM `bloodexchange_db`.`patients` WHERE `bloodexchange_db`.`patients`.`id` = ? LIMIT ? OFFSET ?
prisma:query COMMIT
[0mPATCH /api/v1/patients/183f6a67-6318-467f-acfd-02355cb3da55 [32m200[0m 14.945 ms - 807[0m
prisma:query SELECT COUNT(*) FROM (SELECT `bloodexchange_db`.`blood_banks`.`id` FROM `bloodexchange_db`.`blood_banks` WHERE `bloodexchange_db`.`blood_banks`.`isActive` = ?) AS `sub`
prisma:query SELECT `bloodexchange_db`.`blood_banks`.`id`, `bloodexchange_db`.`blood_banks`.`name`, `bloodexchange_db`.`blood_banks`.`registrationNo`, `bloodexchange_db`.`blood_banks`.`city`, `bloodexchange_db`.`blood_banks`.`state`, `bloodexchange_db`.`blood_banks`.`contactMobile`, `bloodexchange_db`.`blood_banks`.`email`, `bloodexchange_db`.`blood_banks`.`isActive`, `bloodexchange_db`.`blood_banks`.`approvedAt`, `bloodexchange_db`.`blood_banks`.`createdAt`, COALESCE(`aggr_selection_0_BloodBankAdmin`.`_aggr_count_admins`, 0) AS `_aggr_count_admins`, COALESCE(`aggr_selection_1_DonorCard`.`_aggr_count_donorCards`, 0) AS `_aggr_count_donorCards` FROM `bloodexchange_db`.`blood_banks` LEFT JOIN (SELECT `bloodexchange_db`.`blood_bank_admins`.`bloodBankId`, COUNT(*) AS `_aggr_count_admins` FROM `bloodexchange_db`.`blood_bank_admins` WHERE 1=1 GROUP BY `bloodexchange_db`.`blood_bank_admins`.`bloodBankId`) AS `aggr_selection_0_BloodBankAdmin` ON (`bloodexchange_db`.`blood_banks`.`id` = `aggr_selection_0_BloodBankAdmin`.`bloodBankId`) LEFT JOIN (SELECT `bloodexchange_db`.`donor_cards`.`bloodBankId`, COUNT(*) AS `_aggr_count_donorCards` FROM `bloodexchange_db`.`donor_cards` WHERE 1=1 GROUP BY `bloodexchange_db`.`donor_cards`.`bloodBankId`) AS `aggr_selection_1_DonorCard` ON (`bloodexchange_db`.`blood_banks`.`id` = `aggr_selection_1_DonorCard`.`bloodBankId`) WHERE `bloodexchange_db`.`blood_banks`.`isActive` = ? ORDER BY `bloodexchange_db`.`blood_banks`.`createdAt` DESC LIMIT ? OFFSET ?
[0mGET /api/v1/blood-banks?isActive=true&limit=5 [32m200[0m 2.208 ms - 772[0m
prisma:query SELECT COUNT(`bloodexchange_db`.`prbc_inventory`.`id`), `bloodexchange_db`.`prbc_inventory`.`bloodGroup`, `bloodexchange_db`.`prbc_inventory`.`status` FROM `bloodexchange_db`.`prbc_inventory` WHERE `bloodexchange_db`.`prbc_inventory`.`bloodBankId` = ? GROUP BY `bloodexchange_db`.`prbc_inventory`.`bloodGroup`, `bloodexchange_db`.`prbc_inventory`.`status`
prisma:query SELECT COUNT(*) FROM (SELECT `bloodexchange_db`.`prbc_inventory`.`id` FROM `bloodexchange_db`.`prbc_inventory` WHERE (`bloodexchange_db`.`prbc_inventory`.`bloodBankId` = ? AND `bloodexchange_db`.`prbc_inventory`.`status` = ? AND `bloodexchange_db`.`prbc_inventory`.`dateOfExpiration` <= ?)) AS `sub`
[0mGET /api/v1/inventory/blood-banks/803c1d9f-bf18-456f-883d-392f365f8d43/prbc/summary [32m200[0m 5.955 ms - 56[0m
prisma:query SELECT COUNT(*) FROM (SELECT `bloodexchange_db`.`donors`.`id` FROM `bloodexchange_db`.`donors` WHERE 1=1) AS `sub`
prisma:query SELECT `bloodexchange_db`.`donors`.`id`, `bloodexchange_db`.`donors`.`userId`, `bloodexchange_db`.`donors`.`donorDisplayId`, `bloodexchange_db`.`donors`.`name`, `bloodexchange_db`.`donors`.`age`, `bloodexchange_db`.`donors`.`sex`, `bloodexchange_db`.`donors`.`nationality`, `bloodexchange_db`.`donors`.`mobile`, `bloodexchange_db`.`donors`.`email`, `bloodexchange_db`.`donors`.`weight`, `bloodexchange_db`.`donors`.`bloodGroup`, `bloodexchange_db`.`donors`.`address`, `bloodexchange_db`.`donors`.`state`, `bloodexchange_db`.`donors`.`pincode`, `bloodexchange_db`.`donors`.`bankAccountName`, `bloodexchange_db`.`donors`.`bankAccountNo`, `bloodexchange_db`.`donors`.`bankAccountIFSC`, `bloodexchange_db`.`donors`.`bankAccountUPI`, `bloodexchange_db`.`donors`.`registeredBloodBankId`, `bloodexchange_db`.`donors`.`lastDonationAt`, `bloodexchange_db`.`donors`.`createdAt`, `bloodexchange_db`.`donors`.`updatedAt` FROM `bloodexchange_db`.`donors` WHERE 1=1 ORDER BY `bloodexchange_db`.`donors`.`createdAt` DESC LIMIT ? OFFSET ?
prisma:query SELECT `bloodexchange_db`.`users`.`id`, `bloodexchange_db`.`users`.`isActive`, `bloodexchange_db`.`users`.`isEmailVerified` FROM `bloodexchange_db`.`users` WHERE `bloodexchange_db`.`users`.`id` IN (?,?)
[0mGET /api/v1/donors?limit=5 [32m200[0m 4.566 ms - 1359[0m
prisma:query SELECT `bloodexchange_db`.`donor_cards`.`id`, `bloodexchange_db`.`donor_cards`.`donorCardDisplayId`, `bloodexchange_db`.`donor_cards`.`donorId`, `bloodexchange_db`.`donor_cards`.`donorName`, `bloodexchange_db`.`donor_cards`.`bloodBankId`, `bloodexchange_db`.`donor_cards`.`bloodBankName`, `bloodexchange_db`.`donor_cards`.`bloodBankAuthoritySignature`, `bloodexchange_db`.`donor_cards`.`bloodGroup`, `bloodexchange_db`.`donor_cards`.`bloodUnitNo`, `bloodexchange_db`.`donor_cards`.`dateOfCollection`, `bloodexchange_db`.`donor_cards`.`organisationOfDrive`, `bloodexchange_db`.`donor_cards`.`status`, `bloodexchange_db`.`donor_cards`.`reservedForPatientId`, `bloodexchange_db`.`donor_cards`.`reservedAt`, `bloodexchange_db`.`donor_cards`.`reservedUntil`, `bloodexchange_db`.`donor_cards`.`createdAt`, `bloodexchange_db`.`donor_cards`.`updatedAt` FROM `bloodexchange_db`.`donor_cards` LEFT JOIN `bloodexchange_db`.`donor_card_donors` AS `j1` ON (`j1`.`donorCardId`) = (`bloodexchange_db`.`donor_cards`.`id`) WHERE (`j1`.`donorId` = ? AND (`j1`.`donorCardId` IS NOT NULL)) ORDER BY `bloodexchange_db`.`donor_cards`.`dateOfCollection` DESC
prisma:query SELECT `bloodexchange_db`.`blood_banks`.`id`, `bloodexchange_db`.`blood_banks`.`name`, `bloodexchange_db`.`blood_banks`.`city`, `bloodexchange_db`.`blood_banks`.`registrationNo` FROM `bloodexchange_db`.`blood_banks` WHERE `bloodexchange_db`.`blood_banks`.`id` IN (?)
prisma:query SELECT `bloodexchange_db`.`donor_card_donors`.`donorCardId`, `bloodexchange_db`.`donor_card_donors`.`donorId` FROM `bloodexchange_db`.`donor_card_donors` WHERE `bloodexchange_db`.`donor_card_donors`.`donorCardId` IN (?)
prisma:query SELECT `bloodexchange_db`.`donors`.`id`, `bloodexchange_db`.`donors`.`donorDisplayId` FROM `bloodexchange_db`.`donors` WHERE `bloodexchange_db`.`donors`.`id` IN (?)
[0mGET /api/v1/donors/59629f0a-98cd-4a04-b737-7fc63f5d3b30/donor-cards [32m200[0m 4.894 ms - 950[0m
prisma:query SELECT COUNT(*) FROM (SELECT `bloodexchange_db`.`donation_events`.`id` FROM `bloodexchange_db`.`donation_events` WHERE `bloodexchange_db`.`donation_events`.`bloodBankId` = ?) AS `sub`
prisma:query SELECT `bloodexchange_db`.`donation_events`.`id`, `bloodexchange_db`.`donation_events`.`donorId`, `bloodexchange_db`.`donation_events`.`donorCardId`, `bloodexchange_db`.`donation_events`.`bloodBankId`, `bloodexchange_db`.`donation_events`.`beneficiaryBankId`, `bloodexchange_db`.`donation_events`.`patientId`, `bloodexchange_db`.`donation_events`.`staffAdminId`, `bloodexchange_db`.`donation_events`.`donationDate`, `bloodexchange_db`.`donation_events`.`donationType`, `bloodexchange_db`.`donation_events`.`remarks`, `bloodexchange_db`.`donation_events`.`cycleDetected`, `bloodexchange_db`.`donation_events`.`cycleRefundIssued`, `bloodexchange_db`.`donation_events`.`createdAt`, `bloodexchange_db`.`donation_events`.`updatedAt` FROM `bloodexchange_db`.`donation_events` WHERE `bloodexchange_db`.`donation_events`.`bloodBankId` = ? ORDER BY `bloodexchange_db`.`donation_events`.`donationDate` DESC LIMIT ? OFFSET ?
prisma:query SELECT `bloodexchange_db`.`donors`.`id`, `bloodexchange_db`.`donors`.`name`, `bloodexchange_db`.`donors`.`bloodGroup` FROM `bloodexchange_db`.`donors` WHERE `bloodexchange_db`.`donors`.`id` IN (?)
prisma:query SELECT `bloodexchange_db`.`patients`.`id`, `bloodexchange_db`.`patients`.`name`, `bloodexchange_db`.`patients`.`patientDisplayId` FROM `bloodexchange_db`.`patients` WHERE `bloodexchange_db`.`patients`.`id` IN (?)
prisma:query SELECT `bloodexchange_db`.`donor_cards`.`id`, `bloodexchange_db`.`donor_cards`.`donorCardDisplayId`, `bloodexchange_db`.`donor_cards`.`bloodGroup` FROM `bloodexchange_db`.`donor_cards` WHERE `bloodexchange_db`.`donor_cards`.`id` IN (?)
[0mGET /api/v1/donations?limit=3 [32m200[0m 4.619 ms - 864[0m
prisma:query SELECT `bloodexchange_db`.`donors`.`id` FROM `bloodexchange_db`.`donors` WHERE (`bloodexchange_db`.`donors`.`userId` = ? AND 1=1) LIMIT ? OFFSET ?
[0mGET /api/v1/auth/me [32m200[0m 2.079 ms - 225[0m
prisma:query SELECT `bloodexchange_db`.`donors`.`id`, `bloodexchange_db`.`donors`.`userId`, `bloodexchange_db`.`donors`.`donorDisplayId`, `bloodexchange_db`.`donors`.`name`, `bloodexchange_db`.`donors`.`age`, `bloodexchange_db`.`donors`.`sex`, `bloodexchange_db`.`donors`.`nationality`, `bloodexchange_db`.`donors`.`mobile`, `bloodexchange_db`.`donors`.`email`, `bloodexchange_db`.`donors`.`weight`, `bloodexchange_db`.`donors`.`bloodGroup`, `bloodexchange_db`.`donors`.`address`, `bloodexchange_db`.`donors`.`state`, `bloodexchange_db`.`donors`.`pincode`, `bloodexchange_db`.`donors`.`bankAccountName`, `bloodexchange_db`.`donors`.`bankAccountNo`, `bloodexchange_db`.`donors`.`bankAccountIFSC`, `bloodexchange_db`.`donors`.`bankAccountUPI`, `bloodexchange_db`.`donors`.`registeredBloodBankId`, `bloodexchange_db`.`donors`.`lastDonationAt`, `bloodexchange_db`.`donors`.`createdAt`, `bloodexchange_db`.`donors`.`updatedAt` FROM `bloodexchange_db`.`donors` WHERE (`bloodexchange_db`.`donors`.`id` = ? AND 1=1) LIMIT ? OFFSET ?
prisma:error 
Invalid `prisma.donor.update()` invocation in
C:\Users\Prajjval Jaiswal\Desktop\manish\backend\src\modules\donor\donor.service.js:161:23

  158 const donor = await prisma.donor.findUnique({ where: { id: donorId } });
  159 if (!donor) throw Object.assign(new Error('Donor not found'), { status: 404, code: 'NOT_FOUND' });
  160 
→ 161 return prisma.donor.update({
        where: {
          id: "59629f0a-98cd-4a04-b737-7fc63f5d3b30"
        },
        data: {
          name: undefined,
          sex: undefined,
          nationality: "Indian",
          mobile: undefined,
          weight: NaN,
          bloodGroup: undefined,
          address: "42 Updated Street, Delhi",
          state: undefined,
          pincode: undefined,
          bankAccountName: null,
          bankAccountNo: null,
          bankAccountIFSC: null,
          bankAccountUPI: null,
      +   age: Int
        }
      })

Argument `age` is missing.
[error] 
Invalid `prisma.donor.update()` invocation in
C:\Users\Prajjval Jaiswal\Desktop\manish\backend\src\modules\donor\donor.service.js:161:23

  158 const donor = await prisma.donor.findUnique({ where: { id: donorId } });
  159 if (!donor) throw Object.assign(new Error('Donor not found'), { status: 404, code: 'NOT_FOUND' });
  160 
→ 161 return prisma.donor.update({
        where: {
          id: "59629f0a-98cd-4a04-b737-7fc63f5d3b30"
        },
        data: {
          name: undefined,
          sex: undefined,
          nationality: "Indian",
          mobile: undefined,
          weight: NaN,
          bloodGroup: undefined,
          address: "42 Updated Street, Delhi",
          state: undefined,
          pincode: undefined,
          bankAccountName: null,
          bankAccountNo: null,
          bankAccountIFSC: null,
          bankAccountUPI: null,
      +   age: Int
        }
      })

Argument `age` is missing. PrismaClientValidationError: 
Invalid `prisma.donor.update()` invocation in
C:\Users\Prajjval Jaiswal\Desktop\manish\backend\src\modules\donor\donor.service.js:161:23

  158 const donor = await prisma.donor.findUnique({ where: { id: donorId } });
  159 if (!donor) throw Object.assign(new Error('Donor not found'), { status: 404, code: 'NOT_FOUND' });
  160 
→ 161 return prisma.donor.update({
        where: {
          id: "59629f0a-98cd-4a04-b737-7fc63f5d3b30"
        },
        data: {
          name: undefined,
          sex: undefined,
          nationality: "Indian",
          mobile: undefined,
          weight: NaN,
          bloodGroup: undefined,
          address: "42 Updated Street, Delhi",
          state: undefined,
          pincode: undefined,
          bankAccountName: null,
          bankAccountNo: null,
          bankAccountIFSC: null,
          bankAccountUPI: null,
      +   age: Int
        }
      })

Argument `age` is missing.
    at wn (C:\Users\Prajjval Jaiswal\Desktop\manish\backend\node_modules\@prisma\client\runtime\library.js:29:1363)
    at $n.handleRequestError (C:\Users\Prajjval Jaiswal\Desktop\manish\backend\node_modules\@prisma\client\runtime\library.js:121:6958)
    at $n.handleAndLogRequestError (C:\Users\Prajjval Jaiswal\Desktop\manish\backend\node_modules\@prisma\client\runtime\library.js:121:6623)
    at $n.request (C:\Users\Prajjval Jaiswal\Desktop\manish\backend\node_modules\@prisma\client\runtime\library.js:121:6307)
    at async l (C:\Users\Prajjval Jaiswal\Desktop\manish\backend\node_modules\@prisma\client\runtime\library.js:130:9633)
    at async updateDonor (C:\Users\Prajjval Jaiswal\Desktop\manish\backend\src\modules\donor\donor.controller.js:48:19)
[0mPATCH /api/v1/donors/59629f0a-98cd-4a04-b737-7fc63f5d3b30 [31m500[0m 6.727 ms - 1042[0m
prisma:query SELECT `bloodexchange_db`.`donors`.`id`, `bloodexchange_db`.`donors`.`userId` FROM `bloodexchange_db`.`donors` WHERE (`bloodexchange_db`.`donors`.`id` = ? AND 1=1) LIMIT ? OFFSET ?
prisma:query BEGIN
prisma:query SELECT `bloodexchange_db`.`users`.`id` FROM `bloodexchange_db`.`users` WHERE (`bloodexchange_db`.`users`.`id` = ? AND 1=1)
prisma:query UPDATE `bloodexchange_db`.`users` SET `isActive` = ?, `updatedAt` = ? WHERE (`bloodexchange_db`.`users`.`id` IN (?) AND (`bloodexchange_db`.`users`.`id` = ? AND 1=1))
prisma:query SELECT `bloodexchange_db`.`users`.`id`, `bloodexchange_db`.`users`.`email`, `bloodexchange_db`.`users`.`passwordHash`, `bloodexchange_db`.`users`.`role`, `bloodexchange_db`.`users`.`isEmailVerified`, `bloodexchange_db`.`users`.`isActive`, `bloodexchange_db`.`users`.`emailVerifyToken`, `bloodexchange_db`.`users`.`passwordResetToken`, `bloodexchange_db`.`users`.`passwordResetExpiry`, `bloodexchange_db`.`users`.`createdAt`, `bloodexchange_db`.`users`.`updatedAt` FROM `bloodexchange_db`.`users` WHERE `bloodexchange_db`.`users`.`id` = ? LIMIT ? OFFSET ?
prisma:query COMMIT
[0mPATCH /api/v1/donors/59629f0a-98cd-4a04-b737-7fc63f5d3b30/auth-status [32m200[0m 5.955 ms - 71[0m
prisma:query SELECT `bloodexchange_db`.`donation_events`.`id`, `bloodexchange_db`.`donation_events`.`donorId`, `bloodexchange_db`.`donation_events`.`donorCardId`, `bloodexchange_db`.`donation_events`.`bloodBankId`, `bloodexchange_db`.`donation_events`.`beneficiaryBankId`, `bloodexchange_db`.`donation_events`.`patientId`, `bloodexchange_db`.`donation_events`.`staffAdminId`, `bloodexchange_db`.`donation_events`.`donationDate`, `bloodexchange_db`.`donation_events`.`donationType`, `bloodexchange_db`.`donation_events`.`remarks`, `bloodexchange_db`.`donation_events`.`cycleDetected`, `bloodexchange_db`.`donation_events`.`cycleRefundIssued`, `bloodexchange_db`.`donation_events`.`createdAt`, `bloodexchange_db`.`donation_events`.`updatedAt` FROM `bloodexchange_db`.`donation_events` WHERE (`bloodexchange_db`.`donation_events`.`donationDate` >= ? AND `bloodexchange_db`.`donation_events`.`donationDate` <= ? AND `bloodexchange_db`.`donation_events`.`bloodBankId` = ?) ORDER BY `bloodexchange_db`.`donation_events`.`donationDate` ASC
[0mGET /api/v1/reports/donations?format=json&date=2026-05-29 [32m200[0m 2.436 ms - 26[0m
prisma:query SELECT `bloodexchange_db`.`balance_sheet_entries`.`id`, `bloodexchange_db`.`balance_sheet_entries`.`creditorBankId`, `bloodexchange_db`.`balance_sheet_entries`.`debtorBankId`, `bloodexchange_db`.`balance_sheet_entries`.`donorCardId`, `bloodexchange_db`.`balance_sheet_entries`.`bloodGroup`, `bloodexchange_db`.`balance_sheet_entries`.`units`, `bloodexchange_db`.`balance_sheet_entries`.`entryType`, `bloodexchange_db`.`balance_sheet_entries`.`status`, `bloodexchange_db`.`balance_sheet_entries`.`patientId`, `bloodexchange_db`.`balance_sheet_entries`.`originatingDonationId`, `bloodexchange_db`.`balance_sheet_entries`.`createdAt`, `bloodexchange_db`.`balance_sheet_entries`.`updatedAt` FROM `bloodexchange_db`.`balance_sheet_entries` WHERE (`bloodexchange_db`.`balance_sheet_entries`.`entryType` = ? AND `bloodexchange_db`.`balance_sheet_entries`.`status` = ?) ORDER BY `bloodexchange_db`.`balance_sheet_entries`.`createdAt` DESC
prisma:query SELECT `bloodexchange_db`.`blood_banks`.`id`, `bloodexchange_db`.`blood_banks`.`name`, `bloodexchange_db`.`blood_banks`.`city` FROM `bloodexchange_db`.`blood_banks` WHERE `bloodexchange_db`.`blood_banks`.`id` IN (?)
prisma:query SELECT `bloodexchange_db`.`donor_cards`.`id`, `bloodexchange_db`.`donor_cards`.`donorCardDisplayId`, `bloodexchange_db`.`donor_cards`.`bloodGroup` FROM `bloodexchange_db`.`donor_cards` WHERE `bloodexchange_db`.`donor_cards`.`id` IN (?)
[0mGET /api/v1/reports/balance-sheet/receivables?format=json [32m200[0m 3.889 ms - 608[0m
prisma:query SELECT `bloodexchange_db`.`transfer_form_b`.`id`, `bloodexchange_db`.`transfer_form_b`.`formDisplayId`, `bloodexchange_db`.`transfer_form_b`.`formAId`, `bloodexchange_db`.`transfer_form_b`.`supplierBankId`, `bloodexchange_db`.`transfer_form_b`.`recipientBankId`, `bloodexchange_db`.`transfer_form_b`.`issuedByAdminId`, `bloodexchange_db`.`transfer_form_b`.`transportDetails`, `bloodexchange_db`.`transfer_form_b`.`dispatchDate`, `bloodexchange_db`.`transfer_form_b`.`expectedArrivalDate`, `bloodexchange_db`.`transfer_form_b`.`status`, `bloodexchange_db`.`transfer_form_b`.`createdAt`, `bloodexchange_db`.`transfer_form_b`.`updatedAt` FROM `bloodexchange_db`.`transfer_form_b` WHERE `bloodexchange_db`.`transfer_form_b`.`supplierBankId` = ? ORDER BY `bloodexchange_db`.`transfer_form_b`.`createdAt` DESC
[0mGET /api/v1/reports/transfers/physical?format=json [32m200[0m 11.157 ms - 26[0m
prisma:query SELECT SUM(`bloodexchange_db`.`balance_sheet_entries`.`units`), `bloodexchange_db`.`balance_sheet_entries`.`bloodGroup` FROM `bloodexchange_db`.`balance_sheet_entries` WHERE (`bloodexchange_db`.`balance_sheet_entries`.`creditorBankId` = ? AND `bloodexchange_db`.`balance_sheet_entries`.`entryType` = ? AND `bloodexchange_db`.`balance_sheet_entries`.`status` = ?) GROUP BY `bloodexchange_db`.`balance_sheet_entries`.`bloodGroup`
prisma:query SELECT SUM(`bloodexchange_db`.`balance_sheet_entries`.`units`), `bloodexchange_db`.`balance_sheet_entries`.`bloodGroup` FROM `bloodexchange_db`.`balance_sheet_entries` WHERE (`bloodexchange_db`.`balance_sheet_entries`.`debtorBankId` = ? AND `bloodexchange_db`.`balance_sheet_entries`.`entryType` = ? AND `bloodexchange_db`.`balance_sheet_entries`.`status` = ?) GROUP BY `bloodexchange_db`.`balance_sheet_entries`.`bloodGroup`
[0mGET /api/v1/balance-sheet/blood-banks/803c1d9f-bf18-456f-883d-392f365f8d43/summary [32m200[0m 2.808 ms - 42[0m
prisma:query SELECT COUNT(*) FROM (SELECT `bloodexchange_db`.`blood_banks`.`id` FROM `bloodexchange_db`.`blood_banks` WHERE 1=1) AS `sub`
prisma:query SELECT COUNT(*) FROM (SELECT `bloodexchange_db`.`blood_banks`.`id` FROM `bloodexchange_db`.`blood_banks` WHERE `bloodexchange_db`.`blood_banks`.`isActive` = ?) AS `sub`
prisma:query SELECT COUNT(*) FROM (SELECT `bloodexchange_db`.`donors`.`id` FROM `bloodexchange_db`.`donors` WHERE 1=1) AS `sub`
prisma:query SELECT `bloodexchange_db`.`donation_events`.`id`, `bloodexchange_db`.`donation_events`.`donorId`, `bloodexchange_db`.`donation_events`.`donorCardId`, `bloodexchange_db`.`donation_events`.`bloodBankId`, `bloodexchange_db`.`donation_events`.`beneficiaryBankId`, `bloodexchange_db`.`donation_events`.`patientId`, `bloodexchange_db`.`donation_events`.`staffAdminId`, `bloodexchange_db`.`donation_events`.`donationDate`, `bloodexchange_db`.`donation_events`.`donationType`, `bloodexchange_db`.`donation_events`.`remarks`, `bloodexchange_db`.`donation_events`.`cycleDetected`, `bloodexchange_db`.`donation_events`.`cycleRefundIssued`, `bloodexchange_db`.`donation_events`.`createdAt`, `bloodexchange_db`.`donation_events`.`updatedAt` FROM `bloodexchange_db`.`donation_events` WHERE 1=1 ORDER BY `bloodexchange_db`.`donation_events`.`createdAt` DESC LIMIT ? OFFSET ?
prisma:query SELECT COUNT(*) FROM (SELECT `bloodexchange_db`.`transfer_form_a`.`id` FROM `bloodexchange_db`.`transfer_form_a` WHERE `bloodexchange_db`.`transfer_form_a`.`status` IN (?,?)) AS `sub`
prisma:query SELECT COUNT(*) FROM (SELECT `bloodexchange_db`.`donor_cards`.`id` FROM `bloodexchange_db`.`donor_cards` WHERE `bloodexchange_db`.`donor_cards`.`status` NOT IN (?,?)) AS `sub`
prisma:query SELECT COUNT(*) FROM (SELECT `bloodexchange_db`.`patients`.`id` FROM `bloodexchange_db`.`patients` WHERE `bloodexchange_db`.`patients`.`status` = ?) AS `sub`
prisma:query SELECT SUM(`amount`) FROM (SELECT `bloodexchange_db`.`payments`.`amount` FROM `bloodexchange_db`.`payments` WHERE `bloodexchange_db`.`payments`.`status` = ?) AS `sub`
[0mGET /api/v1/dashboard/platform-admin [32m200[0m 6.202 ms - 721[0m
prisma:query SELECT COUNT(*) FROM (SELECT `bloodexchange_db`.`balance_sheet_entries`.`id` FROM `bloodexchange_db`.`balance_sheet_entries` WHERE (`bloodexchange_db`.`balance_sheet_entries`.`debtorBankId` = ? AND `bloodexchange_db`.`balance_sheet_entries`.`status` = ?)) AS `sub`
prisma:query SELECT COUNT(*) FROM (SELECT `bloodexchange_db`.`prbc_inventory`.`id` FROM `bloodexchange_db`.`prbc_inventory` WHERE (`bloodexchange_db`.`prbc_inventory`.`bloodBankId` = ? AND `bloodexchange_db`.`prbc_inventory`.`status` = ?)) AS `sub`
prisma:query SELECT COUNT(*) FROM (SELECT `bloodexchange_db`.`balance_sheet_entries`.`id` FROM `bloodexchange_db`.`balance_sheet_entries` WHERE (`bloodexchange_db`.`balance_sheet_entries`.`creditorBankId` = ? AND `bloodexchange_db`.`balance_sheet_entries`.`status` = ?)) AS `sub`
prisma:query SELECT COUNT(*) FROM (SELECT `bloodexchange_db`.`donor_cards`.`id` FROM `bloodexchange_db`.`donor_cards` WHERE (`bloodexchange_db`.`donor_cards`.`bloodBankId` = ? AND `bloodexchange_db`.`donor_cards`.`status` NOT IN (?,?))) AS `sub`
prisma:query SELECT COUNT(*) FROM (SELECT `bloodexchange_db`.`patients`.`id` FROM `bloodexchange_db`.`patients` WHERE (`bloodexchange_db`.`patients`.`registeredBloodBankId` = ? AND `bloodexchange_db`.`patients`.`status` = ?)) AS `sub`
prisma:query SELECT COUNT(*) FROM (SELECT `bloodexchange_db`.`transfer_form_a`.`id` FROM `bloodexchange_db`.`transfer_form_a` WHERE (`bloodexchange_db`.`transfer_form_a`.`supplierBankId` = ? AND `bloodexchange_db`.`transfer_form_a`.`status` IN (?,?))) AS `sub`
prisma:query SELECT `bloodexchange_db`.`donation_events`.`id`, `bloodexchange_db`.`donation_events`.`donorId`, `bloodexchange_db`.`donation_events`.`donorCardId`, `bloodexchange_db`.`donation_events`.`bloodBankId`, `bloodexchange_db`.`donation_events`.`beneficiaryBankId`, `bloodexchange_db`.`donation_events`.`patientId`, `bloodexchange_db`.`donation_events`.`staffAdminId`, `bloodexchange_db`.`donation_events`.`donationDate`, `bloodexchange_db`.`donation_events`.`donationType`, `bloodexchange_db`.`donation_events`.`remarks`, `bloodexchange_db`.`donation_events`.`cycleDetected`, `bloodexchange_db`.`donation_events`.`cycleRefundIssued`, `bloodexchange_db`.`donation_events`.`createdAt`, `bloodexchange_db`.`donation_events`.`updatedAt` FROM `bloodexchange_db`.`donation_events` WHERE `bloodexchange_db`.`donation_events`.`bloodBankId` = ? ORDER BY `bloodexchange_db`.`donation_events`.`createdAt` DESC LIMIT ? OFFSET ?
[0mGET /api/v1/dashboard/blood-bank/803c1d9f-bf18-456f-883d-392f365f8d43 [32m200[0m 3.431 ms - 183[0m
prisma:query SELECT COUNT(*) FROM (SELECT `bloodexchange_db`.`transfer_form_a`.`id` FROM `bloodexchange_db`.`transfer_form_a` WHERE (`bloodexchange_db`.`transfer_form_a`.`recipientBankId` = ? OR `bloodexchange_db`.`transfer_form_a`.`supplierBankId` = ?)) AS `sub`
prisma:query SELECT `bloodexchange_db`.`transfer_form_a`.`id`, `bloodexchange_db`.`transfer_form_a`.`formDisplayId`, `bloodexchange_db`.`transfer_form_a`.`recipientBankId`, `bloodexchange_db`.`transfer_form_a`.`supplierBankId`, `bloodexchange_db`.`transfer_form_a`.`patientId`, `bloodexchange_db`.`transfer_form_a`.`bloodGroup`, `bloodexchange_db`.`transfer_form_a`.`unitsRequested`, `bloodexchange_db`.`transfer_form_a`.`urgencyLevel`, `bloodexchange_db`.`transfer_form_a`.`requestedByAdminId`, `bloodexchange_db`.`transfer_form_a`.`status`, `bloodexchange_db`.`transfer_form_a`.`createdAt`, `bloodexchange_db`.`transfer_form_a`.`updatedAt` FROM `bloodexchange_db`.`transfer_form_a` WHERE (`bloodexchange_db`.`transfer_form_a`.`recipientBankId` = ? OR `bloodexchange_db`.`transfer_form_a`.`supplierBankId` = ?) ORDER BY `bloodexchange_db`.`transfer_form_a`.`createdAt` DESC LIMIT ? OFFSET ?
[0mGET /api/v1/transfers/form-a?limit=3 [32m200[0m 3.494 ms - 119[0m
prisma:query SELECT COUNT(*) FROM (SELECT `bloodexchange_db`.`transfer_form_b`.`id` FROM `bloodexchange_db`.`transfer_form_b` WHERE (`bloodexchange_db`.`transfer_form_b`.`recipientBankId` = ? OR `bloodexchange_db`.`transfer_form_b`.`supplierBankId` = ?)) AS `sub`
prisma:query SELECT `bloodexchange_db`.`transfer_form_b`.`id`, `bloodexchange_db`.`transfer_form_b`.`formDisplayId`, `bloodexchange_db`.`transfer_form_b`.`formAId`, `bloodexchange_db`.`transfer_form_b`.`supplierBankId`, `bloodexchange_db`.`transfer_form_b`.`recipientBankId`, `bloodexchange_db`.`transfer_form_b`.`issuedByAdminId`, `bloodexchange_db`.`transfer_form_b`.`transportDetails`, `bloodexchange_db`.`transfer_form_b`.`dispatchDate`, `bloodexchange_db`.`transfer_form_b`.`expectedArrivalDate`, `bloodexchange_db`.`transfer_form_b`.`status`, `bloodexchange_db`.`transfer_form_b`.`createdAt`, `bloodexchange_db`.`transfer_form_b`.`updatedAt` FROM `bloodexchange_db`.`transfer_form_b` WHERE (`bloodexchange_db`.`transfer_form_b`.`recipientBankId` = ? OR `bloodexchange_db`.`transfer_form_b`.`supplierBankId` = ?) ORDER BY `bloodexchange_db`.`transfer_form_b`.`createdAt` DESC LIMIT ? OFFSET ?
[0mGET /api/v1/transfers/form-b?limit=3 [32m200[0m 3.863 ms - 119[0m
prisma:query 
    SELECT * FROM digital_exchange_events
    WHERE initiatedByBankId = ?
       OR JSON_CONTAINS(participantBanks, ?, '$')
    ORDER BY createdAt DESC
    LIMIT 50
  
[0mGET /api/v1/digital-exchange/history/803c1d9f-bf18-456f-883d-392f365f8d43 [32m200[0m 12.699 ms - 26[0m
[32m[nodemon] restarting due to changes...[39m
[32m[nodemon] starting `node src/server.js`[39m
[DEV] Using in-memory mock Redis
[DEV] Using mock mail transporter — emails will be logged to console
[DEV] Using in-memory mutex for distributed locks
[DEV] Using mock Razorpay client
[socket] Socket.io initialized
[server] Bloodexchange API running on port 5000
[server] Environment: development
[cron] Nightly balance sheet cron registered
[cron] 30-day patient re-engagement cron registered
prisma:query SELECT `bloodexchange_db`.`users`.`id`, `bloodexchange_db`.`users`.`email`, `bloodexchange_db`.`users`.`passwordHash`, `bloodexchange_db`.`users`.`role`, `bloodexchange_db`.`users`.`isEmailVerified`, `bloodexchange_db`.`users`.`isActive`, `bloodexchange_db`.`users`.`emailVerifyToken`, `bloodexchange_db`.`users`.`passwordResetToken`, `bloodexchange_db`.`users`.`passwordResetExpiry`, `bloodexchange_db`.`users`.`createdAt`, `bloodexchange_db`.`users`.`updatedAt` FROM `bloodexchange_db`.`users` WHERE (`bloodexchange_db`.`users`.`email` = ? AND 1=1) LIMIT ? OFFSET ?
prisma:query SELECT `bloodexchange_db`.`blood_bank_admins`.`id`, `bloodexchange_db`.`blood_bank_admins`.`userId`, `bloodexchange_db`.`blood_bank_admins`.`bloodBankId`, `bloodexchange_db`.`blood_bank_admins`.`name`, `bloodexchange_db`.`blood_bank_admins`.`designation`, `bloodexchange_db`.`blood_bank_admins`.`mobile`, `bloodexchange_db`.`blood_bank_admins`.`authStatus`, `bloodexchange_db`.`blood_bank_admins`.`isPrimary`, `bloodexchange_db`.`blood_bank_admins`.`createdAt`, `bloodexchange_db`.`blood_bank_admins`.`updatedAt` FROM `bloodexchange_db`.`blood_bank_admins` WHERE `bloodexchange_db`.`blood_bank_admins`.`userId` IN (?)
gen token:  eyJhbGciOiJIUzI1NiIsInR5cCI6IkpXVCJ9.eyJpZCI6IjU1YjdjYmRlLTMwOTctNDM0Yy04MGI4LWUzMGRkNjM1NTIwYSIsImp0aSI6ImZkZDg2N2I2LWYyNDktNDRiNS05OTg0LWQzMTcxZDNiNzYzYiIsImlhdCI6MTc4MDA3NTYyOCwiZXhwIjoxNzgwNjgwNDI4fQ.1sizl1AjHCmS5zIkEcwBV46DyFYocvBPDIIPw72hnxc
prisma:query BEGIN
prisma:query INSERT INTO `bloodexchange_db`.`refresh_tokens` (`id`,`userId`,`token`,`expiresAt`,`createdAt`) VALUES (?,?,?,?,?)
prisma:query SELECT `bloodexchange_db`.`refresh_tokens`.`id`, `bloodexchange_db`.`refresh_tokens`.`userId`, `bloodexchange_db`.`refresh_tokens`.`token`, `bloodexchange_db`.`refresh_tokens`.`expiresAt`, `bloodexchange_db`.`refresh_tokens`.`createdAt` FROM `bloodexchange_db`.`refresh_tokens` WHERE `bloodexchange_db`.`refresh_tokens`.`id` = ? LIMIT ? OFFSET ?
prisma:query COMMIT
[0mPOST /api/v1/auth/login [32m200[0m 38.181 ms - 477[0m
prisma:query SELECT `bloodexchange_db`.`users`.`id`, `bloodexchange_db`.`users`.`email`, `bloodexchange_db`.`users`.`passwordHash`, `bloodexchange_db`.`users`.`role`, `bloodexchange_db`.`users`.`isEmailVerified`, `bloodexchange_db`.`users`.`isActive`, `bloodexchange_db`.`users`.`emailVerifyToken`, `bloodexchange_db`.`users`.`passwordResetToken`, `bloodexchange_db`.`users`.`passwordResetExpiry`, `bloodexchange_db`.`users`.`createdAt`, `bloodexchange_db`.`users`.`updatedAt` FROM `bloodexchange_db`.`users` WHERE (`bloodexchange_db`.`users`.`email` = ? AND 1=1) LIMIT ? OFFSET ?
prisma:query SELECT `bloodexchange_db`.`blood_bank_admins`.`id`, `bloodexchange_db`.`blood_bank_admins`.`userId`, `bloodexchange_db`.`blood_bank_admins`.`bloodBankId`, `bloodexchange_db`.`blood_bank_admins`.`name`, `bloodexchange_db`.`blood_bank_admins`.`designation`, `bloodexchange_db`.`blood_bank_admins`.`mobile`, `bloodexchange_db`.`blood_bank_admins`.`authStatus`, `bloodexchange_db`.`blood_bank_admins`.`isPrimary`, `bloodexchange_db`.`blood_bank_admins`.`createdAt`, `bloodexchange_db`.`blood_bank_admins`.`updatedAt` FROM `bloodexchange_db`.`blood_bank_admins` WHERE `bloodexchange_db`.`blood_bank_admins`.`userId` IN (?)
gen token:  eyJhbGciOiJIUzI1NiIsInR5cCI6IkpXVCJ9.eyJpZCI6ImQzMGY4Yzg0LTI1YjAtNGRjYy1hMWZhLWVmNDkyZmVhODQ0YyIsImp0aSI6ImI4MWYwMjJkLTU4ZWUtNGUwZS1hZjRhLWNlMGMzMzE3Mzc0YiIsImlhdCI6MTc4MDA3NTYyOCwiZXhwIjoxNzgwNjgwNDI4fQ.0orAVirD2rklNqMjnsJ-ciCCQ1WXF11s8Y_KRzq3Se8
prisma:query BEGIN
prisma:query INSERT INTO `bloodexchange_db`.`refresh_tokens` (`id`,`userId`,`token`,`expiresAt`,`createdAt`) VALUES (?,?,?,?,?)
prisma:query SELECT `bloodexchange_db`.`refresh_tokens`.`id`, `bloodexchange_db`.`refresh_tokens`.`userId`, `bloodexchange_db`.`refresh_tokens`.`token`, `bloodexchange_db`.`refresh_tokens`.`expiresAt`, `bloodexchange_db`.`refresh_tokens`.`createdAt` FROM `bloodexchange_db`.`refresh_tokens` WHERE `bloodexchange_db`.`refresh_tokens`.`id` = ? LIMIT ? OFFSET ?
prisma:query COMMIT
[0mPOST /api/v1/auth/login [32m200[0m 8.220 ms - 575[0m
prisma:query SELECT `bloodexchange_db`.`users`.`id`, `bloodexchange_db`.`users`.`email`, `bloodexchange_db`.`users`.`passwordHash`, `bloodexchange_db`.`users`.`role`, `bloodexchange_db`.`users`.`isEmailVerified`, `bloodexchange_db`.`users`.`isActive`, `bloodexchange_db`.`users`.`emailVerifyToken`, `bloodexchange_db`.`users`.`passwordResetToken`, `bloodexchange_db`.`users`.`passwordResetExpiry`, `bloodexchange_db`.`users`.`createdAt`, `bloodexchange_db`.`users`.`updatedAt` FROM `bloodexchange_db`.`users` WHERE (`bloodexchange_db`.`users`.`email` = ? AND 1=1) LIMIT ? OFFSET ?
prisma:query SELECT `bloodexchange_db`.`blood_bank_admins`.`id`, `bloodexchange_db`.`blood_bank_admins`.`userId`, `bloodexchange_db`.`blood_bank_admins`.`bloodBankId`, `bloodexchange_db`.`blood_bank_admins`.`name`, `bloodexchange_db`.`blood_bank_admins`.`designation`, `bloodexchange_db`.`blood_bank_admins`.`mobile`, `bloodexchange_db`.`blood_bank_admins`.`authStatus`, `bloodexchange_db`.`blood_bank_admins`.`isPrimary`, `bloodexchange_db`.`blood_bank_admins`.`createdAt`, `bloodexchange_db`.`blood_bank_admins`.`updatedAt` FROM `bloodexchange_db`.`blood_bank_admins` WHERE `bloodexchange_db`.`blood_bank_admins`.`userId` IN (?)
gen token:  eyJhbGciOiJIUzI1NiIsInR5cCI6IkpXVCJ9.eyJpZCI6IjA0YTRlMDgxLWJmYTktNGU1MC1iOGNjLTRlZDZlYjNiMGE3NyIsImp0aSI6ImE2YmZjZWI1LWU2NjMtNDI4Yi05YzU3LWY4OTA1NzAwNzMyOCIsImlhdCI6MTc4MDA3NTYyOCwiZXhwIjoxNzgwNjgwNDI4fQ.Id7BvqBiagavZk2pAEY-dRTaHd1MHMP5cdpOFvU8UKc
prisma:query BEGIN
prisma:query INSERT INTO `bloodexchange_db`.`refresh_tokens` (`id`,`userId`,`token`,`expiresAt`,`createdAt`) VALUES (?,?,?,?,?)
prisma:query SELECT `bloodexchange_db`.`refresh_tokens`.`id`, `bloodexchange_db`.`refresh_tokens`.`userId`, `bloodexchange_db`.`refresh_tokens`.`token`, `bloodexchange_db`.`refresh_tokens`.`expiresAt`, `bloodexchange_db`.`refresh_tokens`.`createdAt` FROM `bloodexchange_db`.`refresh_tokens` WHERE `bloodexchange_db`.`refresh_tokens`.`id` = ? LIMIT ? OFFSET ?
prisma:query COMMIT
[0mPOST /api/v1/auth/login [32m200[0m 7.200 ms - 456[0m
prisma:query SELECT `bloodexchange_db`.`users`.`id`, `bloodexchange_db`.`users`.`email`, `bloodexchange_db`.`users`.`passwordHash`, `bloodexchange_db`.`users`.`role`, `bloodexchange_db`.`users`.`isEmailVerified`, `bloodexchange_db`.`users`.`isActive`, `bloodexchange_db`.`users`.`emailVerifyToken`, `bloodexchange_db`.`users`.`passwordResetToken`, `bloodexchange_db`.`users`.`passwordResetExpiry`, `bloodexchange_db`.`users`.`createdAt`, `bloodexchange_db`.`users`.`updatedAt` FROM `bloodexchange_db`.`users` WHERE (`bloodexchange_db`.`users`.`email` = ? AND 1=1) LIMIT ? OFFSET ?
prisma:query SELECT `bloodexchange_db`.`blood_bank_admins`.`id`, `bloodexchange_db`.`blood_bank_admins`.`userId`, `bloodexchange_db`.`blood_bank_admins`.`bloodBankId`, `bloodexchange_db`.`blood_bank_admins`.`name`, `bloodexchange_db`.`blood_bank_admins`.`designation`, `bloodexchange_db`.`blood_bank_admins`.`mobile`, `bloodexchange_db`.`blood_bank_admins`.`authStatus`, `bloodexchange_db`.`blood_bank_admins`.`isPrimary`, `bloodexchange_db`.`blood_bank_admins`.`createdAt`, `bloodexchange_db`.`blood_bank_admins`.`updatedAt` FROM `bloodexchange_db`.`blood_bank_admins` WHERE `bloodexchange_db`.`blood_bank_admins`.`userId` IN (?)
gen token:  eyJhbGciOiJIUzI1NiIsInR5cCI6IkpXVCJ9.eyJpZCI6IjYzMWMzMDRhLTliNjUtNDg4Yy1hMTE0LTZhNjk4YzI4NWE1MiIsImp0aSI6IjZjNWM0YWVhLTA3YmEtNDQ1ZS05NGJmLWZhMzI5YzVmNTRhMiIsImlhdCI6MTc4MDA3NTYyOCwiZXhwIjoxNzgwNjgwNDI4fQ.sxEzDNH-3y2ly8u92w1VtyLxVMJ-ZLM6EGapkmx_K_Y
prisma:query BEGIN
prisma:query INSERT INTO `bloodexchange_db`.`refresh_tokens` (`id`,`userId`,`token`,`expiresAt`,`createdAt`) VALUES (?,?,?,?,?)
prisma:query SELECT `bloodexchange_db`.`refresh_tokens`.`id`, `bloodexchange_db`.`refresh_tokens`.`userId`, `bloodexchange_db`.`refresh_tokens`.`token`, `bloodexchange_db`.`refresh_tokens`.`expiresAt`, `bloodexchange_db`.`refresh_tokens`.`createdAt` FROM `bloodexchange_db`.`refresh_tokens` WHERE `bloodexchange_db`.`refresh_tokens`.`id` = ? LIMIT ? OFFSET ?
prisma:query COMMIT
[0mPOST /api/v1/auth/login [32m200[0m 7.038 ms - 463[0m
prisma:query SELECT COUNT(*) FROM (SELECT `bloodexchange_db`.`blood_banks`.`id` FROM `bloodexchange_db`.`blood_banks` WHERE 1=1) AS `sub`
prisma:query SELECT `bloodexchange_db`.`blood_banks`.`id`, `bloodexchange_db`.`blood_banks`.`name`, `bloodexchange_db`.`blood_banks`.`registrationNo`, `bloodexchange_db`.`blood_banks`.`city`, `bloodexchange_db`.`blood_banks`.`state`, `bloodexchange_db`.`blood_banks`.`contactMobile`, `bloodexchange_db`.`blood_banks`.`email`, `bloodexchange_db`.`blood_banks`.`isActive`, `bloodexchange_db`.`blood_banks`.`approvedAt`, `bloodexchange_db`.`blood_banks`.`createdAt`, COALESCE(`aggr_selection_0_BloodBankAdmin`.`_aggr_count_admins`, 0) AS `_aggr_count_admins`, COALESCE(`aggr_selection_1_DonorCard`.`_aggr_count_donorCards`, 0) AS `_aggr_count_donorCards` FROM `bloodexchange_db`.`blood_banks` LEFT JOIN (SELECT `bloodexchange_db`.`blood_bank_admins`.`bloodBankId`, COUNT(*) AS `_aggr_count_admins` FROM `bloodexchange_db`.`blood_bank_admins` WHERE 1=1 GROUP BY `bloodexchange_db`.`blood_bank_admins`.`bloodBankId`) AS `aggr_selection_0_BloodBankAdmin` ON (`bloodexchange_db`.`blood_banks`.`id` = `aggr_selection_0_BloodBankAdmin`.`bloodBankId`) LEFT JOIN (SELECT `bloodexchange_db`.`donor_cards`.`bloodBankId`, COUNT(*) AS `_aggr_count_donorCards` FROM `bloodexchange_db`.`donor_cards` WHERE 1=1 GROUP BY `bloodexchange_db`.`donor_cards`.`bloodBankId`) AS `aggr_selection_1_DonorCard` ON (`bloodexchange_db`.`blood_banks`.`id` = `aggr_selection_1_DonorCard`.`bloodBankId`) WHERE 1=1 ORDER BY `bloodexchange_db`.`blood_banks`.`createdAt` DESC LIMIT ? OFFSET ?
[0mGET /api/v1/blood-banks?limit=5 [32m200[0m 8.307 ms - 772[0m
prisma:query SELECT COUNT(*) FROM (SELECT `bloodexchange_db`.`blood_banks`.`id` FROM `bloodexchange_db`.`blood_banks` WHERE `bloodexchange_db`.`blood_banks`.`isActive` = ?) AS `sub`
prisma:query SELECT `bloodexchange_db`.`blood_banks`.`id`, `bloodexchange_db`.`blood_banks`.`name`, `bloodexchange_db`.`blood_banks`.`registrationNo`, `bloodexchange_db`.`blood_banks`.`city`, `bloodexchange_db`.`blood_banks`.`state`, `bloodexchange_db`.`blood_banks`.`contactMobile`, `bloodexchange_db`.`blood_banks`.`email`, `bloodexchange_db`.`blood_banks`.`isActive`, `bloodexchange_db`.`blood_banks`.`approvedAt`, `bloodexchange_db`.`blood_banks`.`createdAt`, COALESCE(`aggr_selection_0_BloodBankAdmin`.`_aggr_count_admins`, 0) AS `_aggr_count_admins`, COALESCE(`aggr_selection_1_DonorCard`.`_aggr_count_donorCards`, 0) AS `_aggr_count_donorCards` FROM `bloodexchange_db`.`blood_banks` LEFT JOIN (SELECT `bloodexchange_db`.`blood_bank_admins`.`bloodBankId`, COUNT(*) AS `_aggr_count_admins` FROM `bloodexchange_db`.`blood_bank_admins` WHERE 1=1 GROUP BY `bloodexchange_db`.`blood_bank_admins`.`bloodBankId`) AS `aggr_selection_0_BloodBankAdmin` ON (`bloodexchange_db`.`blood_banks`.`id` = `aggr_selection_0_BloodBankAdmin`.`bloodBankId`) LEFT JOIN (SELECT `bloodexchange_db`.`donor_cards`.`bloodBankId`, COUNT(*) AS `_aggr_count_donorCards` FROM `bloodexchange_db`.`donor_cards` WHERE 1=1 GROUP BY `bloodexchange_db`.`donor_cards`.`bloodBankId`) AS `aggr_selection_1_DonorCard` ON (`bloodexchange_db`.`blood_banks`.`id` = `aggr_selection_1_DonorCard`.`bloodBankId`) WHERE `bloodexchange_db`.`blood_banks`.`isActive` = ? ORDER BY `bloodexchange_db`.`blood_banks`.`createdAt` DESC LIMIT ? OFFSET ?
[0mGET /api/v1/blood-banks?isActive=true&limit=5 [32m200[0m 4.384 ms - 772[0m
prisma:query SELECT COUNT(*) FROM (SELECT `bloodexchange_db`.`patients`.`id` FROM `bloodexchange_db`.`patients` WHERE 1=1) AS `sub`
prisma:query SELECT `bloodexchange_db`.`patients`.`id`, `bloodexchange_db`.`patients`.`patientDisplayId`, `bloodexchange_db`.`patients`.`name`, `bloodexchange_db`.`patients`.`bloodGroup`, `bloodexchange_db`.`patients`.`unitsRequired`, `bloodexchange_db`.`patients`.`status`, `bloodexchange_db`.`patients`.`hospitalName`, `bloodexchange_db`.`patients`.`hospitalType`, `bloodexchange_db`.`patients`.`address`, `bloodexchange_db`.`patients`.`district`, `bloodexchange_db`.`patients`.`state`, `bloodexchange_db`.`patients`.`mobile`, `bloodexchange_db`.`patients`.`registeredBloodBankId`, `bloodexchange_db`.`patients`.`createdAt` FROM `bloodexchange_db`.`patients` WHERE 1=1 ORDER BY `bloodexchange_db`.`patients`.`createdAt` DESC LIMIT ? OFFSET ?
prisma:query SELECT `bloodexchange_db`.`blood_banks`.`id`, `bloodexchange_db`.`blood_banks`.`name`, `bloodexchange_db`.`blood_banks`.`city` FROM `bloodexchange_db`.`blood_banks` WHERE `bloodexchange_db`.`blood_banks`.`id` IN (?)
[0mGET /api/v1/patients?limit=5 [32m200[0m 4.246 ms - 1817[0m
prisma:query SELECT `bloodexchange_db`.`patients`.`id`, `bloodexchange_db`.`patients`.`userId`, `bloodexchange_db`.`patients`.`patientDisplayId`, `bloodexchange_db`.`patients`.`name`, `bloodexchange_db`.`patients`.`age`, `bloodexchange_db`.`patients`.`sex`, `bloodexchange_db`.`patients`.`bloodGroup`, `bloodexchange_db`.`patients`.`unitsRequired`, `bloodexchange_db`.`patients`.`address`, `bloodexchange_db`.`patients`.`district`, `bloodexchange_db`.`patients`.`state`, `bloodexchange_db`.`patients`.`nationality`, `bloodexchange_db`.`patients`.`hospitalName`, `bloodexchange_db`.`patients`.`hospitalType`, `bloodexchange_db`.`patients`.`doctorName`, `bloodexchange_db`.`patients`.`disease`, `bloodexchange_db`.`patients`.`contactPerson1`, `bloodexchange_db`.`patients`.`contactPerson2`, `bloodexchange_db`.`patients`.`contactPerson3`, `bloodexchange_db`.`patients`.`mobile`, `bloodexchange_db`.`patients`.`email`, `bloodexchange_db`.`patients`.`modeOfPayment`, `bloodexchange_db`.`patients`.`bankAccountName`, `bloodexchange_db`.`patients`.`bankAccountNo`, `bloodexchange_db`.`patients`.`bankAccountIFSC`, `bloodexchange_db`.`patients`.`bankAccountUPI`, `bloodexchange_db`.`patients`.`registrationFeePaid`, `bloodexchange_db`.`patients`.`registeredBloodBankId`, `bloodexchange_db`.`patients`.`status`, `bloodexchange_db`.`patients`.`createdAt`, `bloodexchange_db`.`patients`.`updatedAt` FROM `bloodexchange_db`.`patients` WHERE (`bloodexchange_db`.`patients`.`id` = ? AND 1=1) LIMIT ? OFFSET ?
prisma:query BEGIN
prisma:query SELECT `bloodexchange_db`.`patients`.`id` FROM `bloodexchange_db`.`patients` WHERE (`bloodexchange_db`.`patients`.`id` = ? AND 1=1)
prisma:query UPDATE `bloodexchange_db`.`patients` SET `doctorName` = ?, `disease` = ?, `updatedAt` = ? WHERE (`bloodexchange_db`.`patients`.`id` IN (?) AND (`bloodexchange_db`.`patients`.`id` = ? AND 1=1))
prisma:query SELECT `bloodexchange_db`.`patients`.`id`, `bloodexchange_db`.`patients`.`userId`, `bloodexchange_db`.`patients`.`patientDisplayId`, `bloodexchange_db`.`patients`.`name`, `bloodexchange_db`.`patients`.`age`, `bloodexchange_db`.`patients`.`sex`, `bloodexchange_db`.`patients`.`bloodGroup`, `bloodexchange_db`.`patients`.`unitsRequired`, `bloodexchange_db`.`patients`.`address`, `bloodexchange_db`.`patients`.`district`, `bloodexchange_db`.`patients`.`state`, `bloodexchange_db`.`patients`.`nationality`, `bloodexchange_db`.`patients`.`hospitalName`, `bloodexchange_db`.`patients`.`hospitalType`, `bloodexchange_db`.`patients`.`doctorName`, `bloodexchange_db`.`patients`.`disease`, `bloodexchange_db`.`patients`.`contactPerson1`, `bloodexchange_db`.`patients`.`contactPerson2`, `bloodexchange_db`.`patients`.`contactPerson3`, `bloodexchange_db`.`patients`.`mobile`, `bloodexchange_db`.`patients`.`email`, `bloodexchange_db`.`patients`.`modeOfPayment`, `bloodexchange_db`.`patients`.`bankAccountName`, `bloodexchange_db`.`patients`.`bankAccountNo`, `bloodexchange_db`.`patients`.`bankAccountIFSC`, `bloodexchange_db`.`patients`.`bankAccountUPI`, `bloodexchange_db`.`patients`.`registrationFeePaid`, `bloodexchange_db`.`patients`.`registeredBloodBankId`, `bloodexchange_db`.`patients`.`status`, `bloodexchange_db`.`patients`.`createdAt`, `bloodexchange_db`.`patients`.`updatedAt` FROM `bloodexchange_db`.`patients` WHERE `bloodexchange_db`.`patients`.`id` = ? LIMIT ? OFFSET ?
prisma:query COMMIT
[0mPATCH /api/v1/patients/183f6a67-6318-467f-acfd-02355cb3da55 [32m200[0m 7.686 ms - 807[0m
prisma:query SELECT COUNT(*) FROM (SELECT `bloodexchange_db`.`blood_banks`.`id` FROM `bloodexchange_db`.`blood_banks` WHERE `bloodexchange_db`.`blood_banks`.`isActive` = ?) AS `sub`
prisma:query SELECT `bloodexchange_db`.`blood_banks`.`id`, `bloodexchange_db`.`blood_banks`.`name`, `bloodexchange_db`.`blood_banks`.`registrationNo`, `bloodexchange_db`.`blood_banks`.`city`, `bloodexchange_db`.`blood_banks`.`state`, `bloodexchange_db`.`blood_banks`.`contactMobile`, `bloodexchange_db`.`blood_banks`.`email`, `bloodexchange_db`.`blood_banks`.`isActive`, `bloodexchange_db`.`blood_banks`.`approvedAt`, `bloodexchange_db`.`blood_banks`.`createdAt`, COALESCE(`aggr_selection_0_BloodBankAdmin`.`_aggr_count_admins`, 0) AS `_aggr_count_admins`, COALESCE(`aggr_selection_1_DonorCard`.`_aggr_count_donorCards`, 0) AS `_aggr_count_donorCards` FROM `bloodexchange_db`.`blood_banks` LEFT JOIN (SELECT `bloodexchange_db`.`blood_bank_admins`.`bloodBankId`, COUNT(*) AS `_aggr_count_admins` FROM `bloodexchange_db`.`blood_bank_admins` WHERE 1=1 GROUP BY `bloodexchange_db`.`blood_bank_admins`.`bloodBankId`) AS `aggr_selection_0_BloodBankAdmin` ON (`bloodexchange_db`.`blood_banks`.`id` = `aggr_selection_0_BloodBankAdmin`.`bloodBankId`) LEFT JOIN (SELECT `bloodexchange_db`.`donor_cards`.`bloodBankId`, COUNT(*) AS `_aggr_count_donorCards` FROM `bloodexchange_db`.`donor_cards` WHERE 1=1 GROUP BY `bloodexchange_db`.`donor_cards`.`bloodBankId`) AS `aggr_selection_1_DonorCard` ON (`bloodexchange_db`.`blood_banks`.`id` = `aggr_selection_1_DonorCard`.`bloodBankId`) WHERE `bloodexchange_db`.`blood_banks`.`isActive` = ? ORDER BY `bloodexchange_db`.`blood_banks`.`createdAt` DESC LIMIT ? OFFSET ?
[0mGET /api/v1/blood-banks?isActive=true&limit=5 [32m200[0m 3.536 ms - 772[0m
prisma:query SELECT COUNT(`bloodexchange_db`.`prbc_inventory`.`id`), `bloodexchange_db`.`prbc_inventory`.`bloodGroup`, `bloodexchange_db`.`prbc_inventory`.`status` FROM `bloodexchange_db`.`prbc_inventory` WHERE `bloodexchange_db`.`prbc_inventory`.`bloodBankId` = ? GROUP BY `bloodexchange_db`.`prbc_inventory`.`bloodGroup`, `bloodexchange_db`.`prbc_inventory`.`status`
prisma:query SELECT COUNT(*) FROM (SELECT `bloodexchange_db`.`prbc_inventory`.`id` FROM `bloodexchange_db`.`prbc_inventory` WHERE (`bloodexchange_db`.`prbc_inventory`.`bloodBankId` = ? AND `bloodexchange_db`.`prbc_inventory`.`status` = ? AND `bloodexchange_db`.`prbc_inventory`.`dateOfExpiration` <= ?)) AS `sub`
[0mGET /api/v1/inventory/blood-banks/803c1d9f-bf18-456f-883d-392f365f8d43/prbc/summary [32m200[0m 5.558 ms - 56[0m
prisma:query SELECT COUNT(*) FROM (SELECT `bloodexchange_db`.`donors`.`id` FROM `bloodexchange_db`.`donors` WHERE 1=1) AS `sub`
prisma:query SELECT `bloodexchange_db`.`donors`.`id`, `bloodexchange_db`.`donors`.`userId`, `bloodexchange_db`.`donors`.`donorDisplayId`, `bloodexchange_db`.`donors`.`name`, `bloodexchange_db`.`donors`.`age`, `bloodexchange_db`.`donors`.`sex`, `bloodexchange_db`.`donors`.`nationality`, `bloodexchange_db`.`donors`.`mobile`, `bloodexchange_db`.`donors`.`email`, `bloodexchange_db`.`donors`.`weight`, `bloodexchange_db`.`donors`.`bloodGroup`, `bloodexchange_db`.`donors`.`address`, `bloodexchange_db`.`donors`.`state`, `bloodexchange_db`.`donors`.`pincode`, `bloodexchange_db`.`donors`.`bankAccountName`, `bloodexchange_db`.`donors`.`bankAccountNo`, `bloodexchange_db`.`donors`.`bankAccountIFSC`, `bloodexchange_db`.`donors`.`bankAccountUPI`, `bloodexchange_db`.`donors`.`registeredBloodBankId`, `bloodexchange_db`.`donors`.`lastDonationAt`, `bloodexchange_db`.`donors`.`createdAt`, `bloodexchange_db`.`donors`.`updatedAt` FROM `bloodexchange_db`.`donors` WHERE 1=1 ORDER BY `bloodexchange_db`.`donors`.`createdAt` DESC LIMIT ? OFFSET ?
prisma:query SELECT `bloodexchange_db`.`users`.`id`, `bloodexchange_db`.`users`.`isActive`, `bloodexchange_db`.`users`.`isEmailVerified` FROM `bloodexchange_db`.`users` WHERE `bloodexchange_db`.`users`.`id` IN (?,?)
[0mGET /api/v1/donors?limit=5 [32m200[0m 5.270 ms - 1359[0m
prisma:query SELECT `bloodexchange_db`.`donor_cards`.`id`, `bloodexchange_db`.`donor_cards`.`donorCardDisplayId`, `bloodexchange_db`.`donor_cards`.`donorId`, `bloodexchange_db`.`donor_cards`.`donorName`, `bloodexchange_db`.`donor_cards`.`bloodBankId`, `bloodexchange_db`.`donor_cards`.`bloodBankName`, `bloodexchange_db`.`donor_cards`.`bloodBankAuthoritySignature`, `bloodexchange_db`.`donor_cards`.`bloodGroup`, `bloodexchange_db`.`donor_cards`.`bloodUnitNo`, `bloodexchange_db`.`donor_cards`.`dateOfCollection`, `bloodexchange_db`.`donor_cards`.`organisationOfDrive`, `bloodexchange_db`.`donor_cards`.`status`, `bloodexchange_db`.`donor_cards`.`reservedForPatientId`, `bloodexchange_db`.`donor_cards`.`reservedAt`, `bloodexchange_db`.`donor_cards`.`reservedUntil`, `bloodexchange_db`.`donor_cards`.`createdAt`, `bloodexchange_db`.`donor_cards`.`updatedAt` FROM `bloodexchange_db`.`donor_cards` LEFT JOIN `bloodexchange_db`.`donor_card_donors` AS `j1` ON (`j1`.`donorCardId`) = (`bloodexchange_db`.`donor_cards`.`id`) WHERE (`j1`.`donorId` = ? AND (`j1`.`donorCardId` IS NOT NULL)) ORDER BY `bloodexchange_db`.`donor_cards`.`dateOfCollection` DESC
prisma:query SELECT `bloodexchange_db`.`blood_banks`.`id`, `bloodexchange_db`.`blood_banks`.`name`, `bloodexchange_db`.`blood_banks`.`city`, `bloodexchange_db`.`blood_banks`.`registrationNo` FROM `bloodexchange_db`.`blood_banks` WHERE `bloodexchange_db`.`blood_banks`.`id` IN (?)
prisma:query SELECT `bloodexchange_db`.`donor_card_donors`.`donorCardId`, `bloodexchange_db`.`donor_card_donors`.`donorId` FROM `bloodexchange_db`.`donor_card_donors` WHERE `bloodexchange_db`.`donor_card_donors`.`donorCardId` IN (?)
prisma:query SELECT `bloodexchange_db`.`donors`.`id`, `bloodexchange_db`.`donors`.`donorDisplayId` FROM `bloodexchange_db`.`donors` WHERE `bloodexchange_db`.`donors`.`id` IN (?)
[0mGET /api/v1/donors/59629f0a-98cd-4a04-b737-7fc63f5d3b30/donor-cards [32m200[0m 5.524 ms - 950[0m
prisma:query SELECT COUNT(*) FROM (SELECT `bloodexchange_db`.`donation_events`.`id` FROM `bloodexchange_db`.`donation_events` WHERE `bloodexchange_db`.`donation_events`.`bloodBankId` = ?) AS `sub`
prisma:query SELECT `bloodexchange_db`.`donation_events`.`id`, `bloodexchange_db`.`donation_events`.`donorId`, `bloodexchange_db`.`donation_events`.`donorCardId`, `bloodexchange_db`.`donation_events`.`bloodBankId`, `bloodexchange_db`.`donation_events`.`beneficiaryBankId`, `bloodexchange_db`.`donation_events`.`patientId`, `bloodexchange_db`.`donation_events`.`staffAdminId`, `bloodexchange_db`.`donation_events`.`donationDate`, `bloodexchange_db`.`donation_events`.`donationType`, `bloodexchange_db`.`donation_events`.`remarks`, `bloodexchange_db`.`donation_events`.`cycleDetected`, `bloodexchange_db`.`donation_events`.`cycleRefundIssued`, `bloodexchange_db`.`donation_events`.`createdAt`, `bloodexchange_db`.`donation_events`.`updatedAt` FROM `bloodexchange_db`.`donation_events` WHERE `bloodexchange_db`.`donation_events`.`bloodBankId` = ? ORDER BY `bloodexchange_db`.`donation_events`.`donationDate` DESC LIMIT ? OFFSET ?
prisma:query SELECT `bloodexchange_db`.`donors`.`id`, `bloodexchange_db`.`donors`.`name`, `bloodexchange_db`.`donors`.`bloodGroup` FROM `bloodexchange_db`.`donors` WHERE `bloodexchange_db`.`donors`.`id` IN (?)
prisma:query SELECT `bloodexchange_db`.`patients`.`id`, `bloodexchange_db`.`patients`.`name`, `bloodexchange_db`.`patients`.`patientDisplayId` FROM `bloodexchange_db`.`patients` WHERE `bloodexchange_db`.`patients`.`id` IN (?)
prisma:query SELECT `bloodexchange_db`.`donor_cards`.`id`, `bloodexchange_db`.`donor_cards`.`donorCardDisplayId`, `bloodexchange_db`.`donor_cards`.`bloodGroup` FROM `bloodexchange_db`.`donor_cards` WHERE `bloodexchange_db`.`donor_cards`.`id` IN (?)
[0mGET /api/v1/donations?limit=3 [32m200[0m 6.238 ms - 864[0m
prisma:query SELECT `bloodexchange_db`.`donors`.`id` FROM `bloodexchange_db`.`donors` WHERE (`bloodexchange_db`.`donors`.`userId` = ? AND 1=1) LIMIT ? OFFSET ?
[0mGET /api/v1/auth/me [32m200[0m 3.484 ms - 225[0m
prisma:query SELECT `bloodexchange_db`.`donors`.`id`, `bloodexchange_db`.`donors`.`userId`, `bloodexchange_db`.`donors`.`donorDisplayId`, `bloodexchange_db`.`donors`.`name`, `bloodexchange_db`.`donors`.`age`, `bloodexchange_db`.`donors`.`sex`, `bloodexchange_db`.`donors`.`nationality`, `bloodexchange_db`.`donors`.`mobile`, `bloodexchange_db`.`donors`.`email`, `bloodexchange_db`.`donors`.`weight`, `bloodexchange_db`.`donors`.`bloodGroup`, `bloodexchange_db`.`donors`.`address`, `bloodexchange_db`.`donors`.`state`, `bloodexchange_db`.`donors`.`pincode`, `bloodexchange_db`.`donors`.`bankAccountName`, `bloodexchange_db`.`donors`.`bankAccountNo`, `bloodexchange_db`.`donors`.`bankAccountIFSC`, `bloodexchange_db`.`donors`.`bankAccountUPI`, `bloodexchange_db`.`donors`.`registeredBloodBankId`, `bloodexchange_db`.`donors`.`lastDonationAt`, `bloodexchange_db`.`donors`.`createdAt`, `bloodexchange_db`.`donors`.`updatedAt` FROM `bloodexchange_db`.`donors` WHERE (`bloodexchange_db`.`donors`.`id` = ? AND 1=1) LIMIT ? OFFSET ?
prisma:query SELECT `bloodexchange_db`.`patients`.`id`, `bloodexchange_db`.`patients`.`patientDisplayId`, `bloodexchange_db`.`patients`.`name`, `bloodexchange_db`.`patients`.`bloodGroup`, `bloodexchange_db`.`patients`.`unitsRequired`, `bloodexchange_db`.`patients`.`hospitalName`, `bloodexchange_db`.`patients`.`hospitalType`, `bloodexchange_db`.`patients`.`disease`, `bloodexchange_db`.`patients`.`district`, `bloodexchange_db`.`patients`.`state`, `bloodexchange_db`.`patients`.`mobile`, `bloodexchange_db`.`patients`.`registeredBloodBankId` FROM `bloodexchange_db`.`patients` WHERE (`bloodexchange_db`.`patients`.`bloodGroup` IN (?,?) AND `bloodexchange_db`.`patients`.`status` = ?) ORDER BY `bloodexchange_db`.`patients`.`createdAt` ASC LIMIT ? OFFSET ?
prisma:query SELECT `bloodexchange_db`.`blood_banks`.`id`, `bloodexchange_db`.`blood_banks`.`name`, `bloodexchange_db`.`blood_banks`.`city`, `bloodexchange_db`.`blood_banks`.`state` FROM `bloodexchange_db`.`blood_banks` WHERE `bloodexchange_db`.`blood_banks`.`id` IN (?)
[0mGET /api/v1/donors/a622a99e-7faf-4fae-9d6a-6ab59abb1775/eligible-patients [32m200[0m 5.900 ms - 440[0m
prisma:query SELECT `bloodexchange_db`.`donors`.`id`, `bloodexchange_db`.`donors`.`userId`, `bloodexchange_db`.`donors`.`donorDisplayId`, `bloodexchange_db`.`donors`.`name`, `bloodexchange_db`.`donors`.`age`, `bloodexchange_db`.`donors`.`sex`, `bloodexchange_db`.`donors`.`nationality`, `bloodexchange_db`.`donors`.`mobile`, `bloodexchange_db`.`donors`.`email`, `bloodexchange_db`.`donors`.`weight`, `bloodexchange_db`.`donors`.`bloodGroup`, `bloodexchange_db`.`donors`.`address`, `bloodexchange_db`.`donors`.`state`, `bloodexchange_db`.`donors`.`pincode`, `bloodexchange_db`.`donors`.`bankAccountName`, `bloodexchange_db`.`donors`.`bankAccountNo`, `bloodexchange_db`.`donors`.`bankAccountIFSC`, `bloodexchange_db`.`donors`.`bankAccountUPI`, `bloodexchange_db`.`donors`.`registeredBloodBankId`, `bloodexchange_db`.`donors`.`lastDonationAt`, `bloodexchange_db`.`donors`.`createdAt`, `bloodexchange_db`.`donors`.`updatedAt` FROM `bloodexchange_db`.`donors` WHERE (`bloodexchange_db`.`donors`.`id` = ? AND 1=1) LIMIT ? OFFSET ?
prisma:query BEGIN
prisma:query SELECT `bloodexchange_db`.`donors`.`id` FROM `bloodexchange_db`.`donors` WHERE (`bloodexchange_db`.`donors`.`id` = ? AND 1=1)
prisma:query UPDATE `bloodexchange_db`.`donors` SET `address` = ?, `updatedAt` = ? WHERE (`bloodexchange_db`.`donors`.`id` IN (?) AND (`bloodexchange_db`.`donors`.`id` = ? AND 1=1))
prisma:query SELECT `bloodexchange_db`.`donors`.`id`, `bloodexchange_db`.`donors`.`userId`, `bloodexchange_db`.`donors`.`donorDisplayId`, `bloodexchange_db`.`donors`.`name`, `bloodexchange_db`.`donors`.`age`, `bloodexchange_db`.`donors`.`sex`, `bloodexchange_db`.`donors`.`nationality`, `bloodexchange_db`.`donors`.`mobile`, `bloodexchange_db`.`donors`.`email`, `bloodexchange_db`.`donors`.`weight`, `bloodexchange_db`.`donors`.`bloodGroup`, `bloodexchange_db`.`donors`.`address`, `bloodexchange_db`.`donors`.`state`, `bloodexchange_db`.`donors`.`pincode`, `bloodexchange_db`.`donors`.`bankAccountName`, `bloodexchange_db`.`donors`.`bankAccountNo`, `bloodexchange_db`.`donors`.`bankAccountIFSC`, `bloodexchange_db`.`donors`.`bankAccountUPI`, `bloodexchange_db`.`donors`.`registeredBloodBankId`, `bloodexchange_db`.`donors`.`lastDonationAt`, `bloodexchange_db`.`donors`.`createdAt`, `bloodexchange_db`.`donors`.`updatedAt` FROM `bloodexchange_db`.`donors` WHERE `bloodexchange_db`.`donors`.`id` = ? LIMIT ? OFFSET ?
prisma:query COMMIT
[0mPATCH /api/v1/donors/59629f0a-98cd-4a04-b737-7fc63f5d3b30 [32m200[0m 8.966 ms - 613[0m
prisma:query SELECT `bloodexchange_db`.`donors`.`id`, `bloodexchange_db`.`donors`.`userId` FROM `bloodexchange_db`.`donors` WHERE (`bloodexchange_db`.`donors`.`id` = ? AND 1=1) LIMIT ? OFFSET ?
prisma:query BEGIN
prisma:query SELECT `bloodexchange_db`.`users`.`id` FROM `bloodexchange_db`.`users` WHERE (`bloodexchange_db`.`users`.`id` = ? AND 1=1)
prisma:query UPDATE `bloodexchange_db`.`users` SET `isActive` = ?, `updatedAt` = ? WHERE (`bloodexchange_db`.`users`.`id` IN (?) AND (`bloodexchange_db`.`users`.`id` = ? AND 1=1))
prisma:query SELECT `bloodexchange_db`.`users`.`id`, `bloodexchange_db`.`users`.`email`, `bloodexchange_db`.`users`.`passwordHash`, `bloodexchange_db`.`users`.`role`, `bloodexchange_db`.`users`.`isEmailVerified`, `bloodexchange_db`.`users`.`isActive`, `bloodexchange_db`.`users`.`emailVerifyToken`, `bloodexchange_db`.`users`.`passwordResetToken`, `bloodexchange_db`.`users`.`passwordResetExpiry`, `bloodexchange_db`.`users`.`createdAt`, `bloodexchange_db`.`users`.`updatedAt` FROM `bloodexchange_db`.`users` WHERE `bloodexchange_db`.`users`.`id` = ? LIMIT ? OFFSET ?
prisma:query COMMIT
[0mPATCH /api/v1/donors/59629f0a-98cd-4a04-b737-7fc63f5d3b30/auth-status [32m200[0m 8.602 ms - 71[0m
prisma:query SELECT `bloodexchange_db`.`donation_events`.`id`, `bloodexchange_db`.`donation_events`.`donorId`, `bloodexchange_db`.`donation_events`.`donorCardId`, `bloodexchange_db`.`donation_events`.`bloodBankId`, `bloodexchange_db`.`donation_events`.`beneficiaryBankId`, `bloodexchange_db`.`donation_events`.`patientId`, `bloodexchange_db`.`donation_events`.`staffAdminId`, `bloodexchange_db`.`donation_events`.`donationDate`, `bloodexchange_db`.`donation_events`.`donationType`, `bloodexchange_db`.`donation_events`.`remarks`, `bloodexchange_db`.`donation_events`.`cycleDetected`, `bloodexchange_db`.`donation_events`.`cycleRefundIssued`, `bloodexchange_db`.`donation_events`.`createdAt`, `bloodexchange_db`.`donation_events`.`updatedAt` FROM `bloodexchange_db`.`donation_events` WHERE (`bloodexchange_db`.`donation_events`.`donationDate` >= ? AND `bloodexchange_db`.`donation_events`.`donationDate` <= ? AND `bloodexchange_db`.`donation_events`.`bloodBankId` = ?) ORDER BY `bloodexchange_db`.`donation_events`.`donationDate` ASC
[0mGET /api/v1/reports/donations?format=json&date=2026-05-29 [32m200[0m 4.211 ms - 26[0m
prisma:query SELECT `bloodexchange_db`.`balance_sheet_entries`.`id`, `bloodexchange_db`.`balance_sheet_entries`.`creditorBankId`, `bloodexchange_db`.`balance_sheet_entries`.`debtorBankId`, `bloodexchange_db`.`balance_sheet_entries`.`donorCardId`, `bloodexchange_db`.`balance_sheet_entries`.`bloodGroup`, `bloodexchange_db`.`balance_sheet_entries`.`units`, `bloodexchange_db`.`balance_sheet_entries`.`entryType`, `bloodexchange_db`.`balance_sheet_entries`.`status`, `bloodexchange_db`.`balance_sheet_entries`.`patientId`, `bloodexchange_db`.`balance_sheet_entries`.`originatingDonationId`, `bloodexchange_db`.`balance_sheet_entries`.`createdAt`, `bloodexchange_db`.`balance_sheet_entries`.`updatedAt` FROM `bloodexchange_db`.`balance_sheet_entries` WHERE (`bloodexchange_db`.`balance_sheet_entries`.`entryType` = ? AND `bloodexchange_db`.`balance_sheet_entries`.`status` = ?) ORDER BY `bloodexchange_db`.`balance_sheet_entries`.`createdAt` DESC
prisma:query SELECT `bloodexchange_db`.`blood_banks`.`id`, `bloodexchange_db`.`blood_banks`.`name`, `bloodexchange_db`.`blood_banks`.`city` FROM `bloodexchange_db`.`blood_banks` WHERE `bloodexchange_db`.`blood_banks`.`id` IN (?)
prisma:query SELECT `bloodexchange_db`.`donor_cards`.`id`, `bloodexchange_db`.`donor_cards`.`donorCardDisplayId`, `bloodexchange_db`.`donor_cards`.`bloodGroup` FROM `bloodexchange_db`.`donor_cards` WHERE `bloodexchange_db`.`donor_cards`.`id` IN (?)
[0mGET /api/v1/reports/balance-sheet/receivables?format=json [32m200[0m 3.751 ms - 608[0m
prisma:query SELECT `bloodexchange_db`.`transfer_form_b`.`id`, `bloodexchange_db`.`transfer_form_b`.`formDisplayId`, `bloodexchange_db`.`transfer_form_b`.`formAId`, `bloodexchange_db`.`transfer_form_b`.`supplierBankId`, `bloodexchange_db`.`transfer_form_b`.`recipientBankId`, `bloodexchange_db`.`transfer_form_b`.`issuedByAdminId`, `bloodexchange_db`.`transfer_form_b`.`transportDetails`, `bloodexchange_db`.`transfer_form_b`.`dispatchDate`, `bloodexchange_db`.`transfer_form_b`.`expectedArrivalDate`, `bloodexchange_db`.`transfer_form_b`.`status`, `bloodexchange_db`.`transfer_form_b`.`createdAt`, `bloodexchange_db`.`transfer_form_b`.`updatedAt` FROM `bloodexchange_db`.`transfer_form_b` WHERE `bloodexchange_db`.`transfer_form_b`.`supplierBankId` = ? ORDER BY `bloodexchange_db`.`transfer_form_b`.`createdAt` DESC
[0mGET /api/v1/reports/transfers/physical?format=json [32m200[0m 3.265 ms - 26[0m
prisma:query SELECT SUM(`bloodexchange_db`.`balance_sheet_entries`.`units`), `bloodexchange_db`.`balance_sheet_entries`.`bloodGroup` FROM `bloodexchange_db`.`balance_sheet_entries` WHERE (`bloodexchange_db`.`balance_sheet_entries`.`debtorBankId` = ? AND `bloodexchange_db`.`balance_sheet_entries`.`entryType` = ? AND `bloodexchange_db`.`balance_sheet_entries`.`status` = ?) GROUP BY `bloodexchange_db`.`balance_sheet_entries`.`bloodGroup`
prisma:query SELECT SUM(`bloodexchange_db`.`balance_sheet_entries`.`units`), `bloodexchange_db`.`balance_sheet_entries`.`bloodGroup` FROM `bloodexchange_db`.`balance_sheet_entries` WHERE (`bloodexchange_db`.`balance_sheet_entries`.`creditorBankId` = ? AND `bloodexchange_db`.`balance_sheet_entries`.`entryType` = ? AND `bloodexchange_db`.`balance_sheet_entries`.`status` = ?) GROUP BY `bloodexchange_db`.`balance_sheet_entries`.`bloodGroup`
[0mGET /api/v1/balance-sheet/blood-banks/803c1d9f-bf18-456f-883d-392f365f8d43/summary [32m200[0m 3.886 ms - 42[0m
prisma:query SELECT COUNT(*) FROM (SELECT `bloodexchange_db`.`blood_banks`.`id` FROM `bloodexchange_db`.`blood_banks` WHERE 1=1) AS `sub`
prisma:query SELECT COUNT(*) FROM (SELECT `bloodexchange_db`.`blood_banks`.`id` FROM `bloodexchange_db`.`blood_banks` WHERE `bloodexchange_db`.`blood_banks`.`isActive` = ?) AS `sub`
prisma:query SELECT COUNT(*) FROM (SELECT `bloodexchange_db`.`donors`.`id` FROM `bloodexchange_db`.`donors` WHERE 1=1) AS `sub`
prisma:query SELECT COUNT(*) FROM (SELECT `bloodexchange_db`.`patients`.`id` FROM `bloodexchange_db`.`patients` WHERE `bloodexchange_db`.`patients`.`status` = ?) AS `sub`
prisma:query SELECT SUM(`amount`) FROM (SELECT `bloodexchange_db`.`payments`.`amount` FROM `bloodexchange_db`.`payments` WHERE `bloodexchange_db`.`payments`.`status` = ?) AS `sub`
prisma:query SELECT COUNT(*) FROM (SELECT `bloodexchange_db`.`transfer_form_a`.`id` FROM `bloodexchange_db`.`transfer_form_a` WHERE `bloodexchange_db`.`transfer_form_a`.`status` IN (?,?)) AS `sub`
prisma:query SELECT COUNT(*) FROM (SELECT `bloodexchange_db`.`donor_cards`.`id` FROM `bloodexchange_db`.`donor_cards` WHERE `bloodexchange_db`.`donor_cards`.`status` NOT IN (?,?)) AS `sub`
prisma:query SELECT `bloodexchange_db`.`donation_events`.`id`, `bloodexchange_db`.`donation_events`.`donorId`, `bloodexchange_db`.`donation_events`.`donorCardId`, `bloodexchange_db`.`donation_events`.`bloodBankId`, `bloodexchange_db`.`donation_events`.`beneficiaryBankId`, `bloodexchange_db`.`donation_events`.`patientId`, `bloodexchange_db`.`donation_events`.`staffAdminId`, `bloodexchange_db`.`donation_events`.`donationDate`, `bloodexchange_db`.`donation_events`.`donationType`, `bloodexchange_db`.`donation_events`.`remarks`, `bloodexchange_db`.`donation_events`.`cycleDetected`, `bloodexchange_db`.`donation_events`.`cycleRefundIssued`, `bloodexchange_db`.`donation_events`.`createdAt`, `bloodexchange_db`.`donation_events`.`updatedAt` FROM `bloodexchange_db`.`donation_events` WHERE 1=1 ORDER BY `bloodexchange_db`.`donation_events`.`createdAt` DESC LIMIT ? OFFSET ?
[0mGET /api/v1/dashboard/platform-admin [32m200[0m 6.124 ms - 721[0m
prisma:query SELECT COUNT(*) FROM (SELECT `bloodexchange_db`.`balance_sheet_entries`.`id` FROM `bloodexchange_db`.`balance_sheet_entries` WHERE (`bloodexchange_db`.`balance_sheet_entries`.`debtorBankId` = ? AND `bloodexchange_db`.`balance_sheet_entries`.`status` = ?)) AS `sub`
prisma:query SELECT COUNT(*) FROM (SELECT `bloodexchange_db`.`transfer_form_a`.`id` FROM `bloodexchange_db`.`transfer_form_a` WHERE (`bloodexchange_db`.`transfer_form_a`.`supplierBankId` = ? AND `bloodexchange_db`.`transfer_form_a`.`status` IN (?,?))) AS `sub`
prisma:query SELECT COUNT(*) FROM (SELECT `bloodexchange_db`.`prbc_inventory`.`id` FROM `bloodexchange_db`.`prbc_inventory` WHERE (`bloodexchange_db`.`prbc_inventory`.`bloodBankId` = ? AND `bloodexchange_db`.`prbc_inventory`.`status` = ?)) AS `sub`
prisma:query SELECT COUNT(*) FROM (SELECT `bloodexchange_db`.`balance_sheet_entries`.`id` FROM `bloodexchange_db`.`balance_sheet_entries` WHERE (`bloodexchange_db`.`balance_sheet_entries`.`creditorBankId` = ? AND `bloodexchange_db`.`balance_sheet_entries`.`status` = ?)) AS `sub`
prisma:query SELECT COUNT(*) FROM (SELECT `bloodexchange_db`.`donor_cards`.`id` FROM `bloodexchange_db`.`donor_cards` WHERE (`bloodexchange_db`.`donor_cards`.`bloodBankId` = ? AND `bloodexchange_db`.`donor_cards`.`status` NOT IN (?,?))) AS `sub`
prisma:query SELECT COUNT(*) FROM (SELECT `bloodexchange_db`.`patients`.`id` FROM `bloodexchange_db`.`patients` WHERE (`bloodexchange_db`.`patients`.`registeredBloodBankId` = ? AND `bloodexchange_db`.`patients`.`status` = ?)) AS `sub`
prisma:query SELECT `bloodexchange_db`.`donation_events`.`id`, `bloodexchange_db`.`donation_events`.`donorId`, `bloodexchange_db`.`donation_events`.`donorCardId`, `bloodexchange_db`.`donation_events`.`bloodBankId`, `bloodexchange_db`.`donation_events`.`beneficiaryBankId`, `bloodexchange_db`.`donation_events`.`patientId`, `bloodexchange_db`.`donation_events`.`staffAdminId`, `bloodexchange_db`.`donation_events`.`donationDate`, `bloodexchange_db`.`donation_events`.`donationType`, `bloodexchange_db`.`donation_events`.`remarks`, `bloodexchange_db`.`donation_events`.`cycleDetected`, `bloodexchange_db`.`donation_events`.`cycleRefundIssued`, `bloodexchange_db`.`donation_events`.`createdAt`, `bloodexchange_db`.`donation_events`.`updatedAt` FROM `bloodexchange_db`.`donation_events` WHERE `bloodexchange_db`.`donation_events`.`bloodBankId` = ? ORDER BY `bloodexchange_db`.`donation_events`.`createdAt` DESC LIMIT ? OFFSET ?
[0mGET /api/v1/dashboard/blood-bank/803c1d9f-bf18-456f-883d-392f365f8d43 [32m200[0m 4.260 ms - 183[0m
prisma:query SELECT `bloodexchange_db`.`transfer_form_a`.`id`, `bloodexchange_db`.`transfer_form_a`.`formDisplayId`, `bloodexchange_db`.`transfer_form_a`.`recipientBankId`, `bloodexchange_db`.`transfer_form_a`.`supplierBankId`, `bloodexchange_db`.`transfer_form_a`.`patientId`, `bloodexchange_db`.`transfer_form_a`.`bloodGroup`, `bloodexchange_db`.`transfer_form_a`.`unitsRequested`, `bloodexchange_db`.`transfer_form_a`.`urgencyLevel`, `bloodexchange_db`.`transfer_form_a`.`requestedByAdminId`, `bloodexchange_db`.`transfer_form_a`.`status`, `bloodexchange_db`.`transfer_form_a`.`createdAt`, `bloodexchange_db`.`transfer_form_a`.`updatedAt` FROM `bloodexchange_db`.`transfer_form_a` WHERE (`bloodexchange_db`.`transfer_form_a`.`recipientBankId` = ? OR `bloodexchange_db`.`transfer_form_a`.`supplierBankId` = ?) ORDER BY `bloodexchange_db`.`transfer_form_a`.`createdAt` DESC LIMIT ? OFFSET ?
prisma:query SELECT COUNT(*) FROM (SELECT `bloodexchange_db`.`transfer_form_a`.`id` FROM `bloodexchange_db`.`transfer_form_a` WHERE (`bloodexchange_db`.`transfer_form_a`.`recipientBankId` = ? OR `bloodexchange_db`.`transfer_form_a`.`supplierBankId` = ?)) AS `sub`
[0mGET /api/v1/transfers/form-a?limit=3 [32m200[0m 3.405 ms - 119[0m
prisma:query SELECT COUNT(*) FROM (SELECT `bloodexchange_db`.`transfer_form_b`.`id` FROM `bloodexchange_db`.`transfer_form_b` WHERE (`bloodexchange_db`.`transfer_form_b`.`recipientBankId` = ? OR `bloodexchange_db`.`transfer_form_b`.`supplierBankId` = ?)) AS `sub`
prisma:query SELECT `bloodexchange_db`.`transfer_form_b`.`id`, `bloodexchange_db`.`transfer_form_b`.`formDisplayId`, `bloodexchange_db`.`transfer_form_b`.`formAId`, `bloodexchange_db`.`transfer_form_b`.`supplierBankId`, `bloodexchange_db`.`transfer_form_b`.`recipientBankId`, `bloodexchange_db`.`transfer_form_b`.`issuedByAdminId`, `bloodexchange_db`.`transfer_form_b`.`transportDetails`, `bloodexchange_db`.`transfer_form_b`.`dispatchDate`, `bloodexchange_db`.`transfer_form_b`.`expectedArrivalDate`, `bloodexchange_db`.`transfer_form_b`.`status`, `bloodexchange_db`.`transfer_form_b`.`createdAt`, `bloodexchange_db`.`transfer_form_b`.`updatedAt` FROM `bloodexchange_db`.`transfer_form_b` WHERE (`bloodexchange_db`.`transfer_form_b`.`recipientBankId` = ? OR `bloodexchange_db`.`transfer_form_b`.`supplierBankId` = ?) ORDER BY `bloodexchange_db`.`transfer_form_b`.`createdAt` DESC LIMIT ? OFFSET ?
[0mGET /api/v1/transfers/form-b?limit=3 [32m200[0m 3.424 ms - 119[0m
prisma:query 
    SELECT * FROM digital_exchange_events
    WHERE initiatedByBankId = ?
       OR JSON_CONTAINS(participantBanks, ?, '$')
    ORDER BY createdAt DESC
    LIMIT 50
  
[0mGET /api/v1/digital-exchange/history/803c1d9f-bf18-456f-883d-392f365f8d43 [32m200[0m 3.753 ms - 26[0m
JsonWebTokenError: jwt malformed
    at module.exports [as verify] (C:\Users\Prajjval Jaiswal\Desktop\manish\backend\node_modules\jsonwebtoken\verify.js:70:17)
    at verifyAccessToken (C:\Users\Prajjval Jaiswal\Desktop\manish\backend\src\utils\tokenUtils.js:31:14)
    at authenticate (C:\Users\Prajjval Jaiswal\Desktop\manish\backend\src\middleware\auth.js:16:21)
    at process.processTicksAndRejections (node:internal/process/task_queues:105:5)
[0mGET /api/v1/blood-banks?isActive=true&limit=2 [33m401[0m 0.954 ms - 87[0m
